0 verbose cli /opt/homebrew/Cellar/node/25.5.0/bin/node /opt/homebrew/bin/npm
1 info using npm@11.8.0
2 info using node@v25.5.0
3 silly config load:file:/opt/homebrew/lib/node_modules/npm/npmrc
4 silly config load:file:/Users/jason/.openclaw/workspace/lumos/.npmrc
5 silly config load:file:/Users/jason/.npmrc
6 silly config load:file:/opt/homebrew/etc/npmrc
7 verbose title npm install vditor markmap-lib markmap-view markmap-common markmap-toolbar reveal.js lucide-react
8 verbose argv "install" "vditor" "markmap-lib" "markmap-view" "markmap-common" "markmap-toolbar" "reveal.js" "lucide-react" "--save"
9 verbose logfile logs-max:10 dir:/Users/jason/.openclaw/workspace/lumos/.npm-cache/_logs/2026-02-12T07_53_49_079Z-
10 verbose logfile /Users/jason/.openclaw/workspace/lumos/.npm-cache/_logs/2026-02-12T07_53_49_079Z-debug-0.log
11 silly logfile done cleaning log files
12 silly packumentCache heap:4496293888 maxSize:1124073472 maxEntrySize:562036736
13 silly idealTree buildDeps
14 silly fetch manifest vditor@*
15 silly packumentCache full:https://registry.npmmirror.com/vditor cache-miss
16 http fetch GET 200 https://registry.npmmirror.com/vditor 2888ms (cache miss)
17 silly packumentCache full:https://registry.npmmirror.com/vditor set size:296636 disposed:false
18 silly fetch manifest markmap-lib@*
19 silly packumentCache full:https://registry.npmmirror.com/markmap-lib cache-miss
20 http fetch GET 200 https://registry.npmmirror.com/markmap-lib 813ms (cache miss)
21 silly packumentCache full:https://registry.npmmirror.com/markmap-lib set size:105794 disposed:false
22 silly fetch manifest markmap-common@*
23 silly packumentCache full:https://registry.npmmirror.com/markmap-common cache-miss
24 http fetch GET 200 https://registry.npmmirror.com/markmap-common 613ms (cache miss)
25 silly packumentCache full:https://registry.npmmirror.com/markmap-common set size:34018 disposed:false
26 silly fetch manifest markmap-view@*
27 silly packumentCache full:https://registry.npmmirror.com/markmap-view cache-miss
28 http fetch GET 200 https://registry.npmmirror.com/markmap-view 718ms (cache miss)
29 silly packumentCache full:https://registry.npmmirror.com/markmap-view set size:55817 disposed:false
30 silly fetch manifest markmap-toolbar@*
31 silly packumentCache full:https://registry.npmmirror.com/markmap-toolbar cache-miss
32 http fetch GET 200 https://registry.npmmirror.com/markmap-toolbar 745ms (cache miss)
33 silly packumentCache full:https://registry.npmmirror.com/markmap-toolbar set size:52230 disposed:false
34 silly fetch manifest reveal.js@*
35 silly packumentCache full:https://registry.npmmirror.com/reveal.js cache-miss
36 http fetch GET 200 https://registry.npmmirror.com/reveal.js 613ms (cache miss)
37 silly packumentCache full:https://registry.npmmirror.com/reveal.js set size:20135 disposed:false
38 silly fetch manifest lucide-react@*
39 silly packumentCache full:https://registry.npmmirror.com/lucide-react cache-miss
40 http fetch GET 200 https://registry.npmmirror.com/lucide-react 1973ms (cache miss)
41 silly packumentCache full:https://registry.npmmirror.com/lucide-react set size:400653 disposed:false
42 silly fetch manifest react@19.2.3
43 silly packumentCache full:https://registry.npmmirror.com/react cache-miss
44 http cache https://registry.npmmirror.com/react 11ms (cache hit)
45 silly packumentCache full:https://registry.npmmirror.com/react set size:6201379 disposed:false
46 silly placeDep ROOT lucide-react@0.563.0 OK for: web@0.1.0 want: *
47 silly placeDep ROOT markmap-common@0.18.9 OK for: web@0.1.0 want: *
48 silly placeDep ROOT markmap-lib@0.18.12 OK for: web@0.1.0 want: *
49 silly placeDep ROOT markmap-toolbar@0.18.12 OK for: web@0.1.0 want: *
50 silly placeDep ROOT markmap-view@0.18.12 OK for: web@0.1.0 want: *
51 silly placeDep ROOT reveal.js@5.2.1 OK for: web@0.1.0 want: *
52 silly placeDep ROOT vditor@3.11.2 OK for: web@0.1.0 want: *
53 silly fetch manifest @babel/runtime@^7.22.6
54 silly packumentCache full:https://registry.npmmirror.com/@babel%2fruntime cache-miss
55 silly fetch manifest @gera2ld/jsx-dom@^2.2.2
56 silly packumentCache full:https://registry.npmmirror.com/@gera2ld%2fjsx-dom cache-miss
57 silly fetch manifest npm2url@^0.2.4
58 silly packumentCache full:https://registry.npmmirror.com/npm2url cache-miss
59 silly fetch manifest @babel/runtime@^7.22.6
60 silly packumentCache full:https://registry.npmmirror.com/@babel%2fruntime cache-miss
61 silly fetch manifest @vscode/markdown-it-katex@^1.1.0
62 silly packumentCache full:https://registry.npmmirror.com/@vscode%2fmarkdown-it-katex cache-miss
63 silly fetch manifest highlight.js@^11.8.0
64 silly packumentCache full:https://registry.npmmirror.com/highlight.js cache-miss
65 silly fetch manifest katex@^0.16.8
66 silly packumentCache full:https://registry.npmmirror.com/katex cache-miss
67 http fetch GET 200 https://registry.npmmirror.com/@babel%2fruntime 1310ms (cache miss)
68 silly packumentCache full:https://registry.npmmirror.com/@babel%2fruntime set size:366590 disposed:false
69 silly fetch manifest markdown-it@^14.1.0
70 silly packumentCache full:https://registry.npmmirror.com/markdown-it cache-miss
71 http fetch GET 200 https://registry.npmmirror.com/@vscode%2fmarkdown-it-katex 1544ms (cache miss)
72 silly packumentCache full:https://registry.npmmirror.com/@vscode%2fmarkdown-it-katex set size:6130 disposed:false
73 silly fetch manifest markdown-it-ins@^4.0.0
74 silly packumentCache full:https://registry.npmmirror.com/markdown-it-ins cache-miss
75 http fetch GET 200 https://registry.npmmirror.com/npm2url 1562ms (cache miss)
76 silly packumentCache full:https://registry.npmmirror.com/npm2url set size:4078 disposed:false
77 silly fetch manifest markdown-it-mark@^4.0.0
78 silly packumentCache full:https://registry.npmmirror.com/markdown-it-mark cache-miss
79 http fetch GET 200 https://registry.npmmirror.com/@gera2ld%2fjsx-dom 1589ms (cache miss)
80 silly packumentCache full:https://registry.npmmirror.com/@gera2ld%2fjsx-dom set size:17181 disposed:false
81 silly fetch manifest markdown-it-sub@^2.0.0
82 silly packumentCache full:https://registry.npmmirror.com/markdown-it-sub cache-miss
83 http fetch GET 200 https://registry.npmmirror.com/markdown-it 397ms (cache miss)
84 silly packumentCache full:https://registry.npmmirror.com/markdown-it set size:34717 disposed:false
85 silly fetch manifest markdown-it-sup@^2.0.0
86 silly packumentCache full:https://registry.npmmirror.com/markdown-it-sup cache-miss
87 http fetch GET 200 https://registry.npmmirror.com/katex 1825ms (cache miss)
88 silly packumentCache full:https://registry.npmmirror.com/katex set size:86166 disposed:false
89 silly fetch manifest markmap-html-parser@0.18.11
90 silly packumentCache full:https://registry.npmmirror.com/markmap-html-parser cache-miss
91 http fetch GET 200 https://registry.npmmirror.com/highlight.js 1970ms (cache miss)
92 silly packumentCache full:https://registry.npmmirror.com/highlight.js set size:153141 disposed:false
93 silly fetch manifest markmap-view@0.18.12
94 silly packumentCache full:https://registry.npmmirror.com/markmap-view cache-hit
95 silly fetch manifest prismjs@^1.29.0
96 silly packumentCache full:https://registry.npmmirror.com/prismjs cache-miss
97 http fetch GET 200 https://registry.npmmirror.com/markdown-it-ins 538ms (cache miss)
98 silly packumentCache full:https://registry.npmmirror.com/markdown-it-ins set size:3674 disposed:false
99 silly fetch manifest yaml@^2.5.1
100 silly packumentCache full:https://registry.npmmirror.com/yaml cache-miss
101 http fetch GET 200 https://registry.npmmirror.com/markdown-it-mark 534ms (cache miss)
102 silly packumentCache full:https://registry.npmmirror.com/markdown-it-mark set size:3662 disposed:false
103 silly fetch manifest d3@^7.8.5
104 silly packumentCache full:https://registry.npmmirror.com/d3 cache-miss
105 http fetch GET 200 https://registry.npmmirror.com/@babel%2fruntime 2120ms (cache miss)
106 silly packumentCache full:https://registry.npmmirror.com/@babel%2fruntime set size:366590 disposed:false
107 silly packumentCache full:https://registry.npmmirror.com/@babel%2fruntime dispose
108 silly fetch manifest diff-match-patch@^1.0.5
109 silly packumentCache full:https://registry.npmmirror.com/diff-match-patch cache-miss
110 http fetch GET 200 https://registry.npmmirror.com/markdown-it-sub 544ms (cache miss)
111 silly packumentCache full:https://registry.npmmirror.com/markdown-it-sub set size:2658 disposed:false
112 http fetch GET 200 https://registry.npmmirror.com/markmap-html-parser 528ms (cache miss)
113 silly packumentCache full:https://registry.npmmirror.com/markmap-html-parser set size:13320 disposed:false
114 http fetch GET 200 https://registry.npmmirror.com/prismjs 602ms (cache miss)
115 silly packumentCache full:https://registry.npmmirror.com/prismjs set size:19170 disposed:false
116 http fetch GET 200 https://registry.npmmirror.com/diff-match-patch 493ms (cache miss)
117 silly packumentCache full:https://registry.npmmirror.com/diff-match-patch set size:5627 disposed:false
118 http fetch GET 200 https://registry.npmmirror.com/yaml 556ms (cache miss)
119 silly packumentCache full:https://registry.npmmirror.com/yaml set size:53125 disposed:false
120 http fetch GET 200 https://registry.npmmirror.com/d3 985ms (cache miss)
121 silly packumentCache full:https://registry.npmmirror.com/d3 set size:96597 disposed:false
122 http fetch GET 200 https://registry.npmmirror.com/markdown-it-sup 1425ms (cache miss)
123 silly packumentCache full:https://registry.npmmirror.com/markdown-it-sup set size:2669 disposed:false
124 silly placeDep ROOT @babel/runtime@7.28.6 OK for: markmap-common@0.18.9 want: ^7.22.6
125 silly placeDep ROOT @gera2ld/jsx-dom@2.2.2 OK for: markmap-common@0.18.9 want: ^2.2.2
126 silly placeDep ROOT npm2url@0.2.4 OK for: markmap-common@0.18.9 want: ^0.2.4
127 silly placeDep ROOT @vscode/markdown-it-katex@1.1.2 OK for: markmap-lib@0.18.12 want: ^1.1.0
128 silly placeDep ROOT highlight.js@11.11.1 OK for: markmap-lib@0.18.12 want: ^11.8.0
129 silly placeDep ROOT katex@0.16.28 OK for: markmap-lib@0.18.12 want: ^0.16.8
130 silly placeDep ROOT markdown-it@14.1.1 OK for: markmap-lib@0.18.12 want: ^14.1.0
131 silly placeDep ROOT markdown-it-ins@4.0.0 OK for: markmap-lib@0.18.12 want: ^4.0.0
132 silly placeDep ROOT markdown-it-mark@4.0.0 OK for: markmap-lib@0.18.12 want: ^4.0.0
133 silly placeDep ROOT markdown-it-sub@2.0.0 OK for: markmap-lib@0.18.12 want: ^2.0.0
134 silly placeDep ROOT markdown-it-sup@2.0.0 OK for: markmap-lib@0.18.12 want: ^2.0.0
135 silly placeDep ROOT markmap-html-parser@0.18.11 OK for: markmap-lib@0.18.12 want: 0.18.11
136 silly placeDep ROOT prismjs@1.30.0 OK for: markmap-lib@0.18.12 want: ^1.29.0
137 silly placeDep ROOT yaml@2.8.2 OK for: markmap-lib@0.18.12 want: ^2.5.1
138 silly fetch manifest katex@^0.16.4
139 silly packumentCache full:https://registry.npmmirror.com/katex cache-hit
140 silly fetch manifest commander@^8.3.0
141 silly packumentCache full:https://registry.npmmirror.com/commander cache-miss
142 silly fetch manifest entities@^4.4.0
143 silly packumentCache full:https://registry.npmmirror.com/entities cache-miss
144 silly fetch manifest linkify-it@^5.0.0
145 silly packumentCache full:https://registry.npmmirror.com/linkify-it cache-miss
146 silly fetch manifest mdurl@^2.0.0
147 silly packumentCache full:https://registry.npmmirror.com/mdurl cache-miss
148 silly fetch manifest punycode.js@^2.3.1
149 silly packumentCache full:https://registry.npmmirror.com/punycode.js cache-miss
150 silly fetch manifest uc.micro@^2.1.0
151 silly packumentCache full:https://registry.npmmirror.com/uc.micro cache-miss
152 silly fetch manifest cheerio@1.0.0
153 silly packumentCache full:https://registry.npmmirror.com/cheerio cache-miss
154 http fetch GET 200 https://registry.npmmirror.com/mdurl 270ms (cache miss)
155 silly packumentCache full:https://registry.npmmirror.com/mdurl set size:3626 disposed:false
156 http fetch GET 200 https://registry.npmmirror.com/entities 287ms (cache miss)
157 silly packumentCache full:https://registry.npmmirror.com/entities set size:22672 disposed:false
158 http fetch GET 200 https://registry.npmmirror.com/uc.micro 315ms (cache miss)
159 silly packumentCache full:https://registry.npmmirror.com/uc.micro set size:4239 disposed:false
160 http fetch GET 200 https://registry.npmmirror.com/punycode.js 316ms (cache miss)
161 silly packumentCache full:https://registry.npmmirror.com/punycode.js set size:5359 disposed:false
162 http fetch GET 200 https://registry.npmmirror.com/linkify-it 319ms (cache miss)
163 silly packumentCache full:https://registry.npmmirror.com/linkify-it set size:14116 disposed:false
164 http fetch GET 200 https://registry.npmmirror.com/commander 517ms (cache miss)
165 silly packumentCache full:https://registry.npmmirror.com/commander set size:61702 disposed:false
166 http fetch GET 200 https://registry.npmmirror.com/cheerio 584ms (cache miss)
167 silly packumentCache full:https://registry.npmmirror.com/cheerio set size:28608 disposed:false
168 silly placeDep ROOT commander@8.3.0 OK for: katex@0.16.28 want: ^8.3.0
169 silly placeDep ROOT entities@4.5.0 OK for: markdown-it@14.1.1 want: ^4.4.0
170 silly placeDep ROOT linkify-it@5.0.0 OK for: markdown-it@14.1.1 want: ^5.0.0
171 silly placeDep ROOT mdurl@2.0.0 OK for: markdown-it@14.1.1 want: ^2.0.0
172 silly placeDep ROOT punycode.js@2.3.1 OK for: markdown-it@14.1.1 want: ^2.3.1
173 silly placeDep ROOT uc.micro@2.1.0 OK for: markdown-it@14.1.1 want: ^2.1.0
174 silly fetch manifest uc.micro@^2.0.0
175 silly packumentCache full:https://registry.npmmirror.com/uc.micro cache-hit
176 silly placeDep ROOT cheerio@1.0.0 OK for: markmap-html-parser@0.18.11 want: 1.0.0
177 silly fetch manifest cheerio-select@^2.1.0
178 silly packumentCache full:https://registry.npmmirror.com/cheerio-select cache-miss
179 silly fetch manifest dom-serializer@^2.0.0
180 silly packumentCache full:https://registry.npmmirror.com/dom-serializer cache-miss
181 silly fetch manifest domhandler@^5.0.3
182 silly packumentCache full:https://registry.npmmirror.com/domhandler cache-miss
183 silly fetch manifest domutils@^3.1.0
184 silly packumentCache full:https://registry.npmmirror.com/domutils cache-miss
185 silly fetch manifest encoding-sniffer@^0.2.0
186 silly packumentCache full:https://registry.npmmirror.com/encoding-sniffer cache-miss
187 silly fetch manifest htmlparser2@^9.1.0
188 silly packumentCache full:https://registry.npmmirror.com/htmlparser2 cache-miss
189 silly fetch manifest parse5@^7.1.2
190 silly packumentCache full:https://registry.npmmirror.com/parse5 cache-miss
191 http fetch GET 200 https://registry.npmmirror.com/dom-serializer 319ms (cache miss)
192 silly packumentCache full:https://registry.npmmirror.com/dom-serializer set size:10150 disposed:false
193 silly fetch manifest parse5-htmlparser2-tree-adapter@^7.0.0
194 silly packumentCache full:https://registry.npmmirror.com/parse5-htmlparser2-tree-adapter cache-miss
195 http fetch GET 200 https://registry.npmmirror.com/htmlparser2 329ms (cache miss)
196 silly packumentCache full:https://registry.npmmirror.com/htmlparser2 set size:28643 disposed:false
197 silly fetch manifest parse5-parser-stream@^7.1.2
198 silly packumentCache full:https://registry.npmmirror.com/parse5-parser-stream cache-miss
199 http fetch GET 200 https://registry.npmmirror.com/domutils 335ms (cache miss)
200 silly packumentCache full:https://registry.npmmirror.com/domutils set size:17287 disposed:false
201 silly fetch manifest undici@^6.19.5
202 silly packumentCache full:https://registry.npmmirror.com/undici cache-miss
203 http fetch GET 200 https://registry.npmmirror.com/parse5 337ms (cache miss)
204 silly packumentCache full:https://registry.npmmirror.com/parse5 set size:20823 disposed:false
205 silly fetch manifest whatwg-mimetype@^4.0.0
206 silly packumentCache full:https://registry.npmmirror.com/whatwg-mimetype cache-miss
207 http fetch GET 200 https://registry.npmmirror.com/cheerio-select 498ms (cache miss)
208 silly packumentCache full:https://registry.npmmirror.com/cheerio-select set size:7788 disposed:false
209 http fetch GET 200 https://registry.npmmirror.com/domhandler 543ms (cache miss)
210 silly packumentCache full:https://registry.npmmirror.com/domhandler set size:16024 disposed:false
211 http fetch GET 200 https://registry.npmmirror.com/encoding-sniffer 558ms (cache miss)
212 silly packumentCache full:https://registry.npmmirror.com/encoding-sniffer set size:7530 disposed:false
213 http fetch GET 200 https://registry.npmmirror.com/parse5-htmlparser2-tree-adapter 274ms (cache miss)
214 silly packumentCache full:https://registry.npmmirror.com/parse5-htmlparser2-tree-adapter set size:4815 disposed:false
215 http fetch GET 200 https://registry.npmmirror.com/whatwg-mimetype 522ms (cache miss)
216 silly packumentCache full:https://registry.npmmirror.com/whatwg-mimetype set size:7082 disposed:false
217 http fetch GET 200 https://registry.npmmirror.com/parse5-parser-stream 537ms (cache miss)
218 silly packumentCache full:https://registry.npmmirror.com/parse5-parser-stream set size:8163 disposed:false
219 http fetch GET 200 https://registry.npmmirror.com/undici 799ms (cache miss)
220 silly packumentCache full:https://registry.npmmirror.com/undici set size:174034 disposed:false
221 silly placeDep ROOT cheerio-select@2.1.0 OK for: cheerio@1.0.0 want: ^2.1.0
222 silly placeDep ROOT dom-serializer@2.0.0 OK for: cheerio@1.0.0 want: ^2.0.0
223 silly placeDep ROOT domhandler@5.0.3 OK for: cheerio@1.0.0 want: ^5.0.3
224 silly placeDep ROOT domutils@3.2.2 OK for: cheerio@1.0.0 want: ^3.1.0
225 silly placeDep ROOT encoding-sniffer@0.2.1 OK for: cheerio@1.0.0 want: ^0.2.0
226 silly placeDep ROOT htmlparser2@9.1.0 OK for: cheerio@1.0.0 want: ^9.1.0
227 silly placeDep ROOT parse5@7.3.0 OK for: cheerio@1.0.0 want: ^7.1.2
228 silly placeDep ROOT parse5-htmlparser2-tree-adapter@7.1.0 OK for: cheerio@1.0.0 want: ^7.0.0
229 silly placeDep ROOT parse5-parser-stream@7.1.2 OK for: cheerio@1.0.0 want: ^7.1.2
230 silly placeDep ROOT undici@6.23.0 OK for: cheerio@1.0.0 want: ^6.19.5
231 silly placeDep ROOT whatwg-mimetype@4.0.0 OK for: cheerio@1.0.0 want: ^4.0.0
232 silly fetch manifest boolbase@^1.0.0
233 silly packumentCache full:https://registry.npmmirror.com/boolbase cache-miss
234 silly fetch manifest css-select@^5.1.0
235 silly packumentCache full:https://registry.npmmirror.com/css-select cache-miss
236 silly fetch manifest css-what@^6.1.0
237 silly packumentCache full:https://registry.npmmirror.com/css-what cache-miss
238 silly fetch manifest domelementtype@^2.3.0
239 silly packumentCache full:https://registry.npmmirror.com/domelementtype cache-miss
240 silly fetch manifest domutils@^3.0.1
241 silly packumentCache full:https://registry.npmmirror.com/domutils cache-hit
242 silly fetch manifest domelementtype@^2.3.0
243 silly packumentCache full:https://registry.npmmirror.com/domelementtype cache-miss
244 silly fetch manifest domhandler@^5.0.2
245 silly packumentCache full:https://registry.npmmirror.com/domhandler cache-hit
246 silly fetch manifest domelementtype@^2.3.0
247 silly packumentCache full:https://registry.npmmirror.com/domelementtype cache-miss
248 silly fetch manifest domelementtype@^2.3.0
249 silly packumentCache full:https://registry.npmmirror.com/domelementtype cache-miss
250 http fetch GET 200 https://registry.npmmirror.com/boolbase 292ms (cache miss)
251 silly packumentCache full:https://registry.npmmirror.com/boolbase set size:1164 disposed:false
252 silly fetch manifest iconv-lite@^0.6.3
253 silly packumentCache full:https://registry.npmmirror.com/iconv-lite cache-miss
254 http fetch GET 200 https://registry.npmmirror.com/css-select 309ms (cache miss)
255 silly packumentCache full:https://registry.npmmirror.com/css-select set size:22440 disposed:false
256 silly fetch manifest whatwg-encoding@^3.1.1
257 silly packumentCache full:https://registry.npmmirror.com/whatwg-encoding cache-miss
258 http fetch GET 200 https://registry.npmmirror.com/css-what 310ms (cache miss)
259 silly packumentCache full:https://registry.npmmirror.com/css-what set size:14081 disposed:false
260 silly fetch manifest domelementtype@^2.3.0
261 silly packumentCache full:https://registry.npmmirror.com/domelementtype cache-miss
262 http fetch GET 200 https://registry.npmmirror.com/domelementtype 502ms (cache miss)
263 silly packumentCache full:https://registry.npmmirror.com/domelementtype set size:6022 disposed:false
264 silly fetch manifest entities@^6.0.0
265 silly packumentCache full:https://registry.npmmirror.com/entities cache-hit
266 http fetch GET 200 https://registry.npmmirror.com/domelementtype 510ms (cache miss)
267 silly packumentCache full:https://registry.npmmirror.com/domelementtype set size:6022 disposed:false
268 silly packumentCache full:https://registry.npmmirror.com/domelementtype dispose
269 http fetch GET 200 https://registry.npmmirror.com/domelementtype 512ms (cache miss)
270 silly packumentCache full:https://registry.npmmirror.com/domelementtype set size:6022 disposed:true
271 silly packumentCache full:https://registry.npmmirror.com/domelementtype dispose
272 http fetch GET 200 https://registry.npmmirror.com/domelementtype 516ms (cache miss)
273 silly packumentCache full:https://registry.npmmirror.com/domelementtype set size:6022 disposed:true
274 silly packumentCache full:https://registry.npmmirror.com/domelementtype dispose
275 http fetch GET 200 https://registry.npmmirror.com/iconv-lite 271ms (cache miss)
276 silly packumentCache full:https://registry.npmmirror.com/iconv-lite set size:19791 disposed:false
277 http fetch GET 200 https://registry.npmmirror.com/domelementtype 324ms (cache miss)
278 silly packumentCache full:https://registry.npmmirror.com/domelementtype set size:6022 disposed:true
279 silly packumentCache full:https://registry.npmmirror.com/domelementtype dispose
280 http fetch GET 200 https://registry.npmmirror.com/whatwg-encoding 513ms (cache miss)
281 silly packumentCache full:https://registry.npmmirror.com/whatwg-encoding set size:5493 disposed:false
282 silly placeDep ROOT boolbase@1.0.0 OK for: cheerio-select@2.1.0 want: ^1.0.0
283 silly placeDep ROOT css-select@5.2.2 OK for: cheerio-select@2.1.0 want: ^5.1.0
284 silly placeDep ROOT css-what@6.2.2 OK for: cheerio-select@2.1.0 want: ^6.1.0
285 silly placeDep ROOT domelementtype@2.3.0 OK for: cheerio-select@2.1.0 want: ^2.3.0
286 silly fetch manifest nth-check@^2.0.1
287 silly packumentCache full:https://registry.npmmirror.com/nth-check cache-miss
288 http fetch GET 200 https://registry.npmmirror.com/nth-check 263ms (cache miss)
289 silly packumentCache full:https://registry.npmmirror.com/nth-check set size:6555 disposed:false
290 silly placeDep ROOT nth-check@2.1.1 OK for: css-select@5.2.2 want: ^2.0.1
291 silly placeDep ROOT iconv-lite@0.6.3 OK for: encoding-sniffer@0.2.1 want: ^0.6.3
292 silly placeDep ROOT whatwg-encoding@3.1.1 OK for: encoding-sniffer@0.2.1 want: ^3.1.1
293 silly fetch manifest safer-buffer@>= 2.1.2 < 3.0.0
294 silly packumentCache full:https://registry.npmmirror.com/safer-buffer cache-miss
295 http fetch GET 200 https://registry.npmmirror.com/safer-buffer 267ms (cache miss)
296 silly packumentCache full:https://registry.npmmirror.com/safer-buffer set size:6036 disposed:false
297 silly placeDep ROOT safer-buffer@2.1.2 OK for: iconv-lite@0.6.3 want: >= 2.1.2 < 3.0.0
298 silly placeDep ROOT d3@7.9.0 OK for: markmap-view@0.18.12 want: ^7.8.5
299 silly fetch manifest d3-array@3
300 silly packumentCache full:https://registry.npmmirror.com/d3-array cache-miss
301 silly fetch manifest d3-axis@3
302 silly packumentCache full:https://registry.npmmirror.com/d3-axis cache-miss
303 silly fetch manifest d3-brush@3
304 silly packumentCache full:https://registry.npmmirror.com/d3-brush cache-miss
305 silly fetch manifest d3-chord@3
306 silly packumentCache full:https://registry.npmmirror.com/d3-chord cache-miss
307 silly fetch manifest d3-color@3
308 silly packumentCache full:https://registry.npmmirror.com/d3-color cache-miss
309 silly fetch manifest d3-contour@4
310 silly packumentCache full:https://registry.npmmirror.com/d3-contour cache-miss
311 silly fetch manifest d3-delaunay@6
312 silly packumentCache full:https://registry.npmmirror.com/d3-delaunay cache-miss
313 http fetch GET 200 https://registry.npmmirror.com/d3-brush 276ms (cache miss)
314 silly packumentCache full:https://registry.npmmirror.com/d3-brush set size:19491 disposed:false
315 silly fetch manifest d3-dispatch@3
316 silly packumentCache full:https://registry.npmmirror.com/d3-dispatch cache-miss
317 http fetch GET 200 https://registry.npmmirror.com/d3-contour 304ms (cache miss)
318 silly packumentCache full:https://registry.npmmirror.com/d3-contour set size:16760 disposed:false
319 silly fetch manifest d3-drag@3
320 silly packumentCache full:https://registry.npmmirror.com/d3-drag cache-miss
321 http fetch GET 200 https://registry.npmmirror.com/d3-axis 325ms (cache miss)
322 silly packumentCache full:https://registry.npmmirror.com/d3-axis set size:15148 disposed:false
323 silly fetch manifest d3-dsv@3
324 silly packumentCache full:https://registry.npmmirror.com/d3-dsv cache-miss
325 http fetch GET 200 https://registry.npmmirror.com/d3-color 340ms (cache miss)
326 silly packumentCache full:https://registry.npmmirror.com/d3-color set size:21076 disposed:false
327 silly fetch manifest d3-ease@3
328 silly packumentCache full:https://registry.npmmirror.com/d3-ease cache-miss
329 http fetch GET 200 https://registry.npmmirror.com/d3-delaunay 350ms (cache miss)
330 silly packumentCache full:https://registry.npmmirror.com/d3-delaunay set size:20033 disposed:false
331 silly fetch manifest d3-fetch@3
332 silly packumentCache full:https://registry.npmmirror.com/d3-fetch cache-miss
333 http fetch GET 200 https://registry.npmmirror.com/d3-chord 353ms (cache miss)
334 silly packumentCache full:https://registry.npmmirror.com/d3-chord set size:22124 disposed:false
335 silly fetch manifest d3-force@3
336 silly packumentCache full:https://registry.npmmirror.com/d3-force cache-miss
337 http fetch GET 200 https://registry.npmmirror.com/d3-array 376ms (cache miss)
338 silly packumentCache full:https://registry.npmmirror.com/d3-array set size:43582 disposed:false
339 silly fetch manifest d3-format@3
340 silly packumentCache full:https://registry.npmmirror.com/d3-format cache-miss
341 http fetch GET 200 https://registry.npmmirror.com/d3-dispatch 275ms (cache miss)
342 silly packumentCache full:https://registry.npmmirror.com/d3-dispatch set size:13522 disposed:false
343 silly fetch manifest d3-geo@3
344 silly packumentCache full:https://registry.npmmirror.com/d3-geo cache-miss
345 http fetch GET 200 https://registry.npmmirror.com/d3-fetch 291ms (cache miss)
346 silly packumentCache full:https://registry.npmmirror.com/d3-fetch set size:8197 disposed:false
347 silly fetch manifest d3-hierarchy@3
348 silly packumentCache full:https://registry.npmmirror.com/d3-hierarchy cache-miss
349 http fetch GET 200 https://registry.npmmirror.com/d3-ease 311ms (cache miss)
350 silly packumentCache full:https://registry.npmmirror.com/d3-ease set size:15703 disposed:false
351 silly fetch manifest d3-interpolate@3
352 silly packumentCache full:https://registry.npmmirror.com/d3-interpolate cache-miss
353 http fetch GET 200 https://registry.npmmirror.com/d3-dsv 346ms (cache miss)
354 silly packumentCache full:https://registry.npmmirror.com/d3-dsv set size:21611 disposed:false
355 silly fetch manifest d3-path@3
356 silly packumentCache full:https://registry.npmmirror.com/d3-path cache-miss
357 http fetch GET 200 https://registry.npmmirror.com/d3-format 298ms (cache miss)
358 silly packumentCache full:https://registry.npmmirror.com/d3-format set size:17044 disposed:false
359 silly fetch manifest d3-polygon@3
360 silly packumentCache full:https://registry.npmmirror.com/d3-polygon cache-miss
361 http fetch GET 200 https://registry.npmmirror.com/d3-force 323ms (cache miss)
362 silly packumentCache full:https://registry.npmmirror.com/d3-force set size:26219 disposed:false
363 silly fetch manifest d3-quadtree@3
364 silly packumentCache full:https://registry.npmmirror.com/d3-quadtree cache-miss
365 http fetch GET 200 https://registry.npmmirror.com/d3-drag 529ms (cache miss)
366 silly packumentCache full:https://registry.npmmirror.com/d3-drag set size:18198 disposed:false
367 silly fetch manifest d3-random@3
368 silly packumentCache full:https://registry.npmmirror.com/d3-random cache-miss
369 http fetch GET 200 https://registry.npmmirror.com/d3-geo 288ms (cache miss)
370 silly packumentCache full:https://registry.npmmirror.com/d3-geo set size:21931 disposed:false
371 silly fetch manifest d3-scale@4
372 silly packumentCache full:https://registry.npmmirror.com/d3-scale cache-miss
373 http fetch GET 200 https://registry.npmmirror.com/d3-hierarchy 316ms (cache miss)
374 silly packumentCache full:https://registry.npmmirror.com/d3-hierarchy set size:28231 disposed:false
375 silly fetch manifest d3-scale-chromatic@3
376 silly packumentCache full:https://registry.npmmirror.com/d3-scale-chromatic cache-miss
377 http fetch GET 200 https://registry.npmmirror.com/d3-polygon 302ms (cache miss)
378 silly packumentCache full:https://registry.npmmirror.com/d3-polygon set size:9786 disposed:false
379 silly fetch manifest d3-selection@3
380 silly packumentCache full:https://registry.npmmirror.com/d3-selection cache-miss
381 http fetch GET 200 https://registry.npmmirror.com/d3-quadtree 305ms (cache miss)
382 silly packumentCache full:https://registry.npmmirror.com/d3-quadtree set size:15101 disposed:false
383 silly fetch manifest d3-shape@3
384 silly packumentCache full:https://registry.npmmirror.com/d3-shape cache-miss
385 http fetch GET 200 https://registry.npmmirror.com/d3-path 337ms (cache miss)
386 silly packumentCache full:https://registry.npmmirror.com/d3-path set size:13275 disposed:false
387 silly fetch manifest d3-time@3
388 silly packumentCache full:https://registry.npmmirror.com/d3-time cache-miss
389 http fetch GET 200 https://registry.npmmirror.com/d3-random 281ms (cache miss)
390 silly packumentCache full:https://registry.npmmirror.com/d3-random set size:13461 disposed:false
391 silly fetch manifest d3-time-format@4
392 silly packumentCache full:https://registry.npmmirror.com/d3-time-format cache-miss
393 http fetch GET 200 https://registry.npmmirror.com/d3-scale 280ms (cache miss)
394 silly packumentCache full:https://registry.npmmirror.com/d3-scale set size:37585 disposed:false
395 silly fetch manifest d3-timer@3
396 silly packumentCache full:https://registry.npmmirror.com/d3-timer cache-miss
397 http fetch GET 200 https://registry.npmmirror.com/d3-interpolate 572ms (cache miss)
398 silly packumentCache full:https://registry.npmmirror.com/d3-interpolate set size:21576 disposed:false
399 silly fetch manifest d3-transition@3
400 silly packumentCache full:https://registry.npmmirror.com/d3-transition cache-miss
401 http fetch GET 200 https://registry.npmmirror.com/d3-scale-chromatic 299ms (cache miss)
402 silly packumentCache full:https://registry.npmmirror.com/d3-scale-chromatic set size:10342 disposed:false
403 silly fetch manifest d3-zoom@3
404 silly packumentCache full:https://registry.npmmirror.com/d3-zoom cache-miss
405 http fetch GET 200 https://registry.npmmirror.com/d3-shape 334ms (cache miss)
406 silly packumentCache full:https://registry.npmmirror.com/d3-shape set size:32462 disposed:false
407 http fetch GET 200 https://registry.npmmirror.com/d3-time 346ms (cache miss)
408 silly packumentCache full:https://registry.npmmirror.com/d3-time set size:23023 disposed:false
409 http fetch GET 200 https://registry.npmmirror.com/d3-timer 285ms (cache miss)
410 silly packumentCache full:https://registry.npmmirror.com/d3-timer set size:15469 disposed:false
411 http fetch GET 200 https://registry.npmmirror.com/d3-time-format 300ms (cache miss)
412 silly packumentCache full:https://registry.npmmirror.com/d3-time-format set size:19360 disposed:false
413 http fetch GET 200 https://registry.npmmirror.com/d3-selection 594ms (cache miss)
414 silly packumentCache full:https://registry.npmmirror.com/d3-selection set size:37190 disposed:false
415 http fetch GET 200 https://registry.npmmirror.com/d3-transition 353ms (cache miss)
416 silly packumentCache full:https://registry.npmmirror.com/d3-transition set size:29433 disposed:false
417 http fetch GET 200 https://registry.npmmirror.com/d3-zoom 523ms (cache miss)
418 silly packumentCache full:https://registry.npmmirror.com/d3-zoom set size:24571 disposed:false
419 silly placeDep ROOT d3-array@3.2.4 OK for: d3@7.9.0 want: 3
420 silly placeDep ROOT d3-axis@3.0.0 OK for: d3@7.9.0 want: 3
421 silly placeDep ROOT d3-brush@3.0.0 OK for: d3@7.9.0 want: 3
422 silly placeDep ROOT d3-chord@3.0.1 OK for: d3@7.9.0 want: 3
423 silly placeDep ROOT d3-color@3.1.0 OK for: d3@7.9.0 want: 3
424 silly placeDep ROOT d3-contour@4.0.2 OK for: d3@7.9.0 want: 4
425 silly placeDep ROOT d3-delaunay@6.0.4 OK for: d3@7.9.0 want: 6
426 silly placeDep ROOT d3-dispatch@3.0.1 OK for: d3@7.9.0 want: 3
427 silly placeDep ROOT d3-drag@3.0.0 OK for: d3@7.9.0 want: 3
428 silly placeDep ROOT d3-dsv@3.0.1 OK for: d3@7.9.0 want: 3
429 silly placeDep ROOT d3-ease@3.0.1 OK for: d3@7.9.0 want: 3
430 silly placeDep ROOT d3-fetch@3.0.1 OK for: d3@7.9.0 want: 3
431 silly placeDep ROOT d3-force@3.0.0 OK for: d3@7.9.0 want: 3
432 silly placeDep ROOT d3-format@3.1.2 OK for: d3@7.9.0 want: 3
433 silly placeDep ROOT d3-geo@3.1.1 OK for: d3@7.9.0 want: 3
434 silly placeDep ROOT d3-hierarchy@3.1.2 OK for: d3@7.9.0 want: 3
435 silly placeDep ROOT d3-interpolate@3.0.1 OK for: d3@7.9.0 want: 3
436 silly placeDep ROOT d3-path@3.1.0 OK for: d3@7.9.0 want: 3
437 silly placeDep ROOT d3-polygon@3.0.1 OK for: d3@7.9.0 want: 3
438 silly placeDep ROOT d3-quadtree@3.0.1 OK for: d3@7.9.0 want: 3
439 silly placeDep ROOT d3-random@3.0.1 OK for: d3@7.9.0 want: 3
440 silly placeDep ROOT d3-scale@4.0.2 OK for: d3@7.9.0 want: 4
441 silly placeDep ROOT d3-scale-chromatic@3.1.0 OK for: d3@7.9.0 want: 3
442 silly placeDep ROOT d3-selection@3.0.0 OK for: d3@7.9.0 want: 3
443 silly placeDep ROOT d3-shape@3.2.0 OK for: d3@7.9.0 want: 3
444 silly placeDep ROOT d3-time@3.1.0 OK for: d3@7.9.0 want: 3
445 silly placeDep ROOT d3-time-format@4.1.0 OK for: d3@7.9.0 want: 4
446 silly placeDep ROOT d3-timer@3.0.1 OK for: d3@7.9.0 want: 3
447 silly placeDep ROOT d3-transition@3.0.1 OK for: d3@7.9.0 want: 3
448 silly placeDep ROOT d3-zoom@3.0.0 OK for: d3@7.9.0 want: 3
449 silly fetch manifest internmap@1 - 2
450 silly packumentCache full:https://registry.npmmirror.com/internmap cache-miss
451 silly fetch manifest d3-dispatch@1 - 3
452 silly packumentCache full:https://registry.npmmirror.com/d3-dispatch cache-hit
453 silly fetch manifest d3-drag@2 - 3
454 silly packumentCache full:https://registry.npmmirror.com/d3-drag cache-hit
455 silly fetch manifest d3-interpolate@1 - 3
456 silly packumentCache full:https://registry.npmmirror.com/d3-interpolate cache-hit
457 silly fetch manifest d3-path@1 - 3
458 silly packumentCache full:https://registry.npmmirror.com/d3-path cache-hit
459 silly fetch manifest delaunator@5
460 silly packumentCache full:https://registry.npmmirror.com/delaunator cache-miss
461 silly fetch manifest commander@7
462 silly packumentCache full:https://registry.npmmirror.com/commander cache-hit
463 silly fetch manifest rw@1
464 silly packumentCache full:https://registry.npmmirror.com/rw cache-miss
465 silly fetch manifest d3-quadtree@1 - 3
466 silly packumentCache full:https://registry.npmmirror.com/d3-quadtree cache-hit
467 silly fetch manifest d3-timer@1 - 3
468 silly packumentCache full:https://registry.npmmirror.com/d3-timer cache-hit
469 silly fetch manifest d3-time@2.1.1 - 3
470 silly packumentCache full:https://registry.npmmirror.com/d3-time cache-hit
471 silly fetch manifest d3-time-format@2 - 4
472 silly packumentCache full:https://registry.npmmirror.com/d3-time-format cache-hit
473 http fetch GET 200 https://registry.npmmirror.com/rw 264ms (cache miss)
474 silly packumentCache full:https://registry.npmmirror.com/rw set size:7686 disposed:false
475 http fetch GET 200 https://registry.npmmirror.com/internmap 314ms (cache miss)
476 silly packumentCache full:https://registry.npmmirror.com/internmap set size:4157 disposed:false
477 http fetch GET 200 https://registry.npmmirror.com/delaunator 340ms (cache miss)
478 silly packumentCache full:https://registry.npmmirror.com/delaunator set size:11235 disposed:false
479 silly placeDep ROOT internmap@2.0.3 OK for: d3-array@3.2.4 want: 1 - 2
480 silly placeDep ROOT delaunator@5.0.1 OK for: d3-delaunay@6.0.4 want: 5
481 silly fetch manifest robust-predicates@^3.0.2
482 silly packumentCache full:https://registry.npmmirror.com/robust-predicates cache-miss
483 http fetch GET 200 https://registry.npmmirror.com/robust-predicates 270ms (cache miss)
484 silly packumentCache full:https://registry.npmmirror.com/robust-predicates set size:6615 disposed:false
485 silly placeDep node_modules/d3-dsv commander@7.2.0 OK for: d3-dsv@3.0.1 want: 7
486 silly placeDep ROOT rw@1.3.3 OK for: d3-dsv@3.0.1 want: 1
487 silly placeDep ROOT robust-predicates@3.0.2 OK for: delaunator@5.0.1 want: ^3.0.2
488 silly placeDep node_modules/parse5 entities@6.0.1 OK for: parse5@7.3.0 want: ^6.0.0
489 silly placeDep ROOT diff-match-patch@1.0.5 OK for: vditor@3.11.2 want: ^1.0.5
490 silly reify moves {}
491 silly audit bulk request {
491 silly audit   '@alloc/quick-lru': [ '5.2.0' ],
491 silly audit   '@babel/code-frame': [ '7.29.0' ],
491 silly audit   '@babel/compat-data': [ '7.29.0' ],
491 silly audit   '@babel/core': [ '7.29.0' ],
491 silly audit   '@babel/generator': [ '7.29.1' ],
491 silly audit   '@babel/helper-compilation-targets': [ '7.28.6' ],
491 silly audit   '@babel/helper-globals': [ '7.28.0' ],
491 silly audit   '@babel/helper-module-imports': [ '7.28.6' ],
491 silly audit   '@babel/helper-module-transforms': [ '7.28.6' ],
491 silly audit   '@babel/helper-string-parser': [ '7.27.1' ],
491 silly audit   '@babel/helper-validator-identifier': [ '7.28.5' ],
491 silly audit   '@babel/helper-validator-option': [ '7.27.1' ],
491 silly audit   '@babel/helpers': [ '7.28.6' ],
491 silly audit   '@babel/parser': [ '7.29.0' ],
491 silly audit   '@babel/template': [ '7.28.6' ],
491 silly audit   '@babel/traverse': [ '7.29.0' ],
491 silly audit   '@babel/types': [ '7.29.0' ],
491 silly audit   '@emnapi/core': [ '1.8.1' ],
491 silly audit   '@emnapi/runtime': [ '1.8.1' ],
491 silly audit   '@emnapi/wasi-threads': [ '1.1.0' ],
491 silly audit   '@eslint-community/eslint-utils': [ '4.9.1' ],
491 silly audit   'eslint-visitor-keys': [ '3.4.3', '4.2.1' ],
491 silly audit   '@eslint-community/regexpp': [ '4.12.2' ],
491 silly audit   '@eslint/config-array': [ '0.21.1' ],
491 silly audit   '@eslint/config-helpers': [ '0.4.2' ],
491 silly audit   '@eslint/core': [ '0.17.0' ],
491 silly audit   '@eslint/eslintrc': [ '3.3.3' ],
491 silly audit   '@eslint/js': [ '9.39.2' ],
491 silly audit   '@eslint/object-schema': [ '2.1.7' ],
491 silly audit   '@eslint/plugin-kit': [ '0.4.1' ],
491 silly audit   '@humanfs/core': [ '0.19.1' ],
491 silly audit   '@humanfs/node': [ '0.16.7' ],
491 silly audit   '@humanwhocodes/module-importer': [ '1.0.1' ],
491 silly audit   '@humanwhocodes/retry': [ '0.4.3' ],
491 silly audit   '@img/colour': [ '1.0.0' ],
491 silly audit   '@img/sharp-darwin-arm64': [ '0.34.5' ],
491 silly audit   '@img/sharp-darwin-x64': [ '0.34.5' ],
491 silly audit   '@img/sharp-libvips-darwin-arm64': [ '1.2.4' ],
491 silly audit   '@img/sharp-libvips-darwin-x64': [ '1.2.4' ],
491 silly audit   '@img/sharp-libvips-linux-arm': [ '1.2.4' ],
491 silly audit   '@img/sharp-libvips-linux-arm64': [ '1.2.4' ],
491 silly audit   '@img/sharp-libvips-linux-ppc64': [ '1.2.4' ],
491 silly audit   '@img/sharp-libvips-linux-riscv64': [ '1.2.4' ],
491 silly audit   '@img/sharp-libvips-linux-s390x': [ '1.2.4' ],
491 silly audit   '@img/sharp-libvips-linux-x64': [ '1.2.4' ],
491 silly audit   '@img/sharp-libvips-linuxmusl-arm64': [ '1.2.4' ],
491 silly audit   '@img/sharp-libvips-linuxmusl-x64': [ '1.2.4' ],
491 silly audit   '@img/sharp-linux-arm': [ '0.34.5' ],
491 silly audit   '@img/sharp-linux-arm64': [ '0.34.5' ],
491 silly audit   '@img/sharp-linux-ppc64': [ '0.34.5' ],
491 silly audit   '@img/sharp-linux-riscv64': [ '0.34.5' ],
491 silly audit   '@img/sharp-linux-s390x': [ '0.34.5' ],
491 silly audit   '@img/sharp-linux-x64': [ '0.34.5' ],
491 silly audit   '@img/sharp-linuxmusl-arm64': [ '0.34.5' ],
491 silly audit   '@img/sharp-linuxmusl-x64': [ '0.34.5' ],
491 silly audit   '@img/sharp-wasm32': [ '0.34.5' ],
491 silly audit   '@img/sharp-win32-arm64': [ '0.34.5' ],
491 silly audit   '@img/sharp-win32-ia32': [ '0.34.5' ],
491 silly audit   '@img/sharp-win32-x64': [ '0.34.5' ],
491 silly audit   '@jridgewell/gen-mapping': [ '0.3.13' ],
491 silly audit   '@jridgewell/remapping': [ '2.3.5' ],
491 silly audit   '@jridgewell/resolve-uri': [ '3.1.2' ],
491 silly audit   '@jridgewell/sourcemap-codec': [ '1.5.5' ],
491 silly audit   '@jridgewell/trace-mapping': [ '0.3.31' ],
491 silly audit   '@napi-rs/wasm-runtime': [ '0.2.12' ],
491 silly audit   '@next/env': [ '16.1.6' ],
491 silly audit   '@next/eslint-plugin-next': [ '16.1.6' ],
491 silly audit   '@next/swc-darwin-arm64': [ '16.1.6' ],
491 silly audit   '@next/swc-darwin-x64': [ '16.1.6' ],
491 silly audit   '@next/swc-linux-arm64-gnu': [ '16.1.6' ],
491 silly audit   '@next/swc-linux-arm64-musl': [ '16.1.6' ],
491 silly audit   '@next/swc-linux-x64-gnu': [ '16.1.6' ],
491 silly audit   '@next/swc-linux-x64-musl': [ '16.1.6' ],
491 silly audit   '@next/swc-win32-arm64-msvc': [ '16.1.6' ],
491 silly audit   '@next/swc-win32-x64-msvc': [ '16.1.6' ],
491 silly audit   '@nodelib/fs.scandir': [ '2.1.5' ],
491 silly audit   '@nodelib/fs.stat': [ '2.0.5' ],
491 silly audit   '@nodelib/fs.walk': [ '1.2.8' ],
491 silly audit   '@nolyfill/is-core-module': [ '1.0.39' ],
491 silly audit   '@rtsao/scc': [ '1.1.0' ],
491 silly audit   '@swc/helpers': [ '0.5.15' ],
491 silly audit   '@tailwindcss/node': [ '4.1.18' ],
491 silly audit   '@tailwindcss/oxide': [ '4.1.18' ],
491 silly audit   '@tailwindcss/oxide-android-arm64': [ '4.1.18' ],
491 silly audit   '@tailwindcss/oxide-darwin-arm64': [ '4.1.18' ],
491 silly audit   '@tailwindcss/oxide-darwin-x64': [ '4.1.18' ],
491 silly audit   '@tailwindcss/oxide-freebsd-x64': [ '4.1.18' ],
491 silly audit   '@tailwindcss/oxide-linux-arm-gnueabihf': [ '4.1.18' ],
491 silly audit   '@tailwindcss/oxide-linux-arm64-gnu': [ '4.1.18' ],
491 silly audit   '@tailwindcss/oxide-linux-arm64-musl': [ '4.1.18' ],
491 silly audit   '@tailwindcss/oxide-linux-x64-gnu': [ '4.1.18' ],
491 silly audit   '@tailwindcss/oxide-linux-x64-musl': [ '4.1.18' ],
491 silly audit   '@tailwindcss/oxide-wasm32-wasi': [ '4.1.18' ],
491 silly audit   '@tailwindcss/oxide-win32-arm64-msvc': [ '4.1.18' ],
491 silly audit   '@tailwindcss/oxide-win32-x64-msvc': [ '4.1.18' ],
491 silly audit   '@tailwindcss/postcss': [ '4.1.18' ],
491 silly audit   '@tybys/wasm-util': [ '0.10.1' ],
491 silly audit   '@types/estree': [ '1.0.8' ],
491 silly audit   '@types/json-schema': [ '7.0.15' ],
491 silly audit   '@types/json5': [ '0.0.29' ],
491 silly audit   '@types/node': [ '20.19.33' ],
491 silly audit   '@types/react': [ '19.2.14' ],
491 silly audit   '@types/react-dom': [ '19.2.3' ],
491 silly audit   '@typescript-eslint/eslint-plugin': [ '8.55.0' ],
491 silly audit   ignore: [ '7.0.5', '5.3.2' ],
491 silly audit   '@typescript-eslint/parser': [ '8.55.0' ],
491 silly audit   '@typescript-eslint/project-service': [ '8.55.0' ],
491 silly audit   '@typescript-eslint/scope-manager': [ '8.55.0' ],
491 silly audit   '@typescript-eslint/tsconfig-utils': [ '8.55.0' ],
491 silly audit   '@typescript-eslint/type-utils': [ '8.55.0' ],
491 silly audit   '@typescript-eslint/types': [ '8.55.0' ],
491 silly audit   '@typescript-eslint/typescript-estree': [ '8.55.0' ],
491 silly audit   'brace-expansion': [ '2.0.2', '1.1.12' ],
491 silly audit   minimatch: [ '9.0.5', '3.1.2' ],
491 silly audit   semver: [ '7.7.4', '6.3.1' ],
491 silly audit   '@typescript-eslint/utils': [ '8.55.0' ],
491 silly audit   '@typescript-eslint/visitor-keys': [ '8.55.0' ],
491 silly audit   '@unrs/resolver-binding-android-arm-eabi': [ '1.11.1' ],
491 silly audit   '@unrs/resolver-binding-android-arm64': [ '1.11.1' ],
491 silly audit   '@unrs/resolver-binding-darwin-arm64': [ '1.11.1' ],
491 silly audit   '@unrs/resolver-binding-darwin-x64': [ '1.11.1' ],
491 silly audit   '@unrs/resolver-binding-freebsd-x64': [ '1.11.1' ],
491 silly audit   '@unrs/resolver-binding-linux-arm-gnueabihf': [ '1.11.1' ],
491 silly audit   '@unrs/resolver-binding-linux-arm-musleabihf': [ '1.11.1' ],
491 silly audit   '@unrs/resolver-binding-linux-arm64-gnu': [ '1.11.1' ],
491 silly audit   '@unrs/resolver-binding-linux-arm64-musl': [ '1.11.1' ],
491 silly audit   '@unrs/resolver-binding-linux-ppc64-gnu': [ '1.11.1' ],
491 silly audit   '@unrs/resolver-binding-linux-riscv64-gnu': [ '1.11.1' ],
491 silly audit   '@unrs/resolver-binding-linux-riscv64-musl': [ '1.11.1' ],
491 silly audit   '@unrs/resolver-binding-linux-s390x-gnu': [ '1.11.1' ],
491 silly audit   '@unrs/resolver-binding-linux-x64-gnu': [ '1.11.1' ],
491 silly audit   '@unrs/resolver-binding-linux-x64-musl': [ '1.11.1' ],
491 silly audit   '@unrs/resolver-binding-wasm32-wasi': [ '1.11.1' ],
491 silly audit   '@unrs/resolver-binding-win32-arm64-msvc': [ '1.11.1' ],
491 silly audit   '@unrs/resolver-binding-win32-ia32-msvc': [ '1.11.1' ],
491 silly audit   '@unrs/resolver-binding-win32-x64-msvc': [ '1.11.1' ],
491 silly audit   acorn: [ '8.15.0' ],
491 silly audit   'acorn-jsx': [ '5.3.2' ],
491 silly audit   ajv: [ '6.12.6' ],
491 silly audit   'ansi-styles': [ '4.3.0' ],
491 silly audit   argparse: [ '2.0.1' ],
491 silly audit   'aria-query': [ '5.3.2' ],
491 silly audit   'array-buffer-byte-length': [ '1.0.2' ],
491 silly audit   'array-includes': [ '3.1.9' ],
491 silly audit   'array.prototype.findlast': [ '1.2.5' ],
491 silly audit   'array.prototype.findlastindex': [ '1.2.6' ],
491 silly audit   'array.prototype.flat': [ '1.3.3' ],
491 silly audit   'array.prototype.flatmap': [ '1.3.3' ],
491 silly audit   'array.prototype.tosorted': [ '1.1.4' ],
491 silly audit   'arraybuffer.prototype.slice': [ '1.0.4' ],
491 silly audit   'ast-types-flow': [ '0.0.8' ],
491 silly audit   'async-function': [ '1.0.0' ],
491 silly audit   'available-typed-arrays': [ '1.0.7' ],
491 silly audit   'axe-core': [ '4.11.1' ],
491 silly audit   'axobject-query': [ '4.1.0' ],
491 silly audit   'balanced-match': [ '1.0.2' ],
491 silly audit   'baseline-browser-mapping': [ '2.9.19' ],
491 silly audit   braces: [ '3.0.3' ],
491 silly audit   browserslist: [ '4.28.1' ],
491 silly audit   'call-bind': [ '1.0.8' ],
491 silly audit   'call-bind-apply-helpers': [ '1.0.2' ],
491 silly audit   'call-bound': [ '1.0.4' ],
491 silly audit   callsites: [ '3.1.0' ],
491 silly audit   'caniuse-lite': [ '1.0.30001769' ],
491 silly audit   chalk: [ '4.1.2' ],
491 silly audit   'client-only': [ '0.0.1' ],
491 silly audit   'color-convert': [ '2.0.1' ],
491 silly audit   'color-name': [ '1.1.4' ],
491 silly audit   'concat-map': [ '0.0.1' ],
491 silly audit   'convert-source-map': [ '2.0.0' ],
491 silly audit   'cross-spawn': [ '7.0.6' ],
491 silly audit   csstype: [ '3.2.3' ],
491 silly audit   'damerau-levenshtein': [ '1.0.8' ],
491 silly audit   'data-view-buffer': [ '1.0.2' ],
491 silly audit   'data-view-byte-length': [ '1.0.2' ],
491 silly audit   'data-view-byte-offset': [ '1.0.1' ],
491 silly audit   debug: [ '4.4.3', '3.2.7' ],
491 silly audit   'deep-is': [ '0.1.4' ],
491 silly audit   'define-data-property': [ '1.1.4' ],
491 silly audit   'define-properties': [ '1.2.1' ],
491 silly audit   'detect-libc': [ '2.1.2' ],
491 silly audit   doctrine: [ '2.1.0' ],
491 silly audit   'dunder-proto': [ '1.0.1' ],
491 silly audit   'electron-to-chromium': [ '1.5.286' ],
491 silly audit   'emoji-regex': [ '9.2.2' ],
491 silly audit   'enhanced-resolve': [ '5.19.0' ],
491 silly audit   'es-abstract': [ '1.24.1' ],
491 silly audit   'es-define-property': [ '1.0.1' ],
491 silly audit   'es-errors': [ '1.3.0' ],
491 silly audit   'es-iterator-helpers': [ '1.2.2' ],
491 silly audit   'es-object-atoms': [ '1.1.1' ],
491 silly audit   'es-set-tostringtag': [ '2.1.0' ],
491 silly audit   'es-shim-unscopables': [ '1.1.0' ],
491 silly audit   'es-to-primitive': [ '1.3.0' ],
491 silly audit   escalade: [ '3.2.0' ],
491 silly audit   'escape-string-regexp': [ '4.0.0' ],
491 silly audit   eslint: [ '9.39.2' ],
491 silly audit   'eslint-config-next': [ '16.1.6' ],
491 silly audit   globals: [ '16.4.0', '14.0.0' ],
491 silly audit   'eslint-import-resolver-node': [ '0.3.9' ],
491 silly audit   'eslint-import-resolver-typescript': [ '3.10.1' ],
491 silly audit   'eslint-module-utils': [ '2.12.1' ],
491 silly audit   'eslint-plugin-import': [ '2.32.0' ],
491 silly audit   'eslint-plugin-jsx-a11y': [ '6.10.2' ],
491 silly audit   'eslint-plugin-react': [ '7.37.5' ],
491 silly audit   'eslint-plugin-react-hooks': [ '7.0.1' ],
491 silly audit   resolve: [ '2.0.0-next.5', '1.22.11' ],
491 silly audit   'eslint-scope': [ '8.4.0' ],
491 silly audit   espree: [ '10.4.0' ],
491 silly audit   esquery: [ '1.7.0' ],
491 silly audit   esrecurse: [ '4.3.0' ],
491 silly audit   estraverse: [ '5.3.0' ],
491 silly audit   esutils: [ '2.0.3' ],
491 silly audit   'fast-deep-equal': [ '3.1.3' ],
491 silly audit   'fast-glob': [ '3.3.1' ],
491 silly audit   'glob-parent': [ '5.1.2', '6.0.2' ],
491 silly audit   'fast-json-stable-stringify': [ '2.1.0' ],
491 silly audit   'fast-levenshtein': [ '2.0.6' ],
491 silly audit   fastq: [ '1.20.1' ],
491 silly audit   'file-entry-cache': [ '8.0.0' ],
491 silly audit   'fill-range': [ '7.1.1' ],
491 silly audit   'find-up': [ '5.0.0' ],
491 silly audit   'flat-cache': [ '4.0.1' ],
491 silly audit   flatted: [ '3.3.3' ],
491 silly audit   'for-each': [ '0.3.5' ],
491 silly audit   'function-bind': [ '1.1.2' ],
491 silly audit   'function.prototype.name': [ '1.1.8' ],
491 silly audit   'functions-have-names': [ '1.2.3' ],
491 silly audit   'generator-function': [ '2.0.1' ],
491 silly audit   gensync: [ '1.0.0-beta.2' ],
491 silly audit   'get-intrinsic': [ '1.3.0' ],
491 silly audit   'get-proto': [ '1.0.1' ],
491 silly audit   'get-symbol-description': [ '1.1.0' ],
491 silly audit   'get-tsconfig': [ '4.13.6' ],
491 silly audit   globalthis: [ '1.0.4' ],
491 silly audit   gopd: [ '1.2.0' ],
491 silly audit   'graceful-fs': [ '4.2.11' ],
491 silly audit   'has-bigints': [ '1.1.0' ],
491 silly audit   'has-flag': [ '4.0.0' ],
491 silly audit   'has-property-descriptors': [ '1.0.2' ],
491 silly audit   'has-proto': [ '1.2.0' ],
491 silly audit   'has-symbols': [ '1.1.0' ],
491 silly audit   'has-tostringtag': [ '1.0.2' ],
491 silly audit   hasown: [ '2.0.2' ],
491 silly audit   'hermes-estree': [ '0.25.1' ],
491 silly audit   'hermes-parser': [ '0.25.1' ],
491 silly audit   'import-fresh': [ '3.3.1' ],
491 silly audit   imurmurhash: [ '0.1.4' ],
491 silly audit   'internal-slot': [ '1.1.0' ],
491 silly audit   'is-array-buffer': [ '3.0.5' ],
491 silly audit   'is-async-function': [ '2.1.1' ],
491 silly audit   'is-bigint': [ '1.1.0' ],
491 silly audit   'is-boolean-object': [ '1.2.2' ],
491 silly audit   'is-bun-module': [ '2.0.0' ],
491 silly audit   'is-callable': [ '1.2.7' ],
491 silly audit   'is-core-module': [ '2.16.1' ],
491 silly audit   'is-data-view': [ '1.0.2' ],
491 silly audit   'is-date-object': [ '1.1.0' ],
491 silly audit   'is-extglob': [ '2.1.1' ],
491 silly audit   'is-finalizationregistry': [ '1.1.1' ],
491 silly audit   'is-generator-function': [ '1.1.2' ],
491 silly audit   'is-glob': [ '4.0.3' ],
491 silly audit   'is-map': [ '2.0.3' ],
491 silly audit   'is-negative-zero': [ '2.0.3' ],
491 silly audit   'is-number': [ '7.0.0' ],
491 silly audit   'is-number-object': [ '1.1.1' ],
491 silly audit   'is-regex': [ '1.2.1' ],
491 silly audit   'is-set': [ '2.0.3' ],
491 silly audit   'is-shared-array-buffer': [ '1.0.4' ],
491 silly audit   'is-string': [ '1.1.1' ],
491 silly audit   'is-symbol': [ '1.1.1' ],
491 silly audit   'is-typed-array': [ '1.1.15' ],
491 silly audit   'is-weakmap': [ '2.0.2' ],
491 silly audit   'is-weakref': [ '1.1.1' ],
491 silly audit   'is-weakset': [ '2.0.4' ],
491 silly audit   isarray: [ '2.0.5' ],
491 silly audit   isexe: [ '2.0.0' ],
491 silly audit   'iterator.prototype': [ '1.1.5' ],
491 silly audit   jiti: [ '2.6.1' ],
491 silly audit   'js-tokens': [ '4.0.0' ],
491 silly audit   'js-yaml': [ '4.1.1' ],
491 silly audit   jsesc: [ '3.1.0' ],
491 silly audit   'json-buffer': [ '3.0.1' ],
491 silly audit   'json-schema-traverse': [ '0.4.1' ],
491 silly audit   'json-stable-stringify-without-jsonify': [ '1.0.1' ],
491 silly audit   json5: [ '2.2.3', '1.0.2' ],
491 silly audit   'jsx-ast-utils': [ '3.3.5' ],
491 silly audit   keyv: [ '4.5.4' ],
491 silly audit   'language-subtag-registry': [ '0.3.23' ],
491 silly audit   'language-tags': [ '1.0.9' ],
491 silly audit   levn: [ '0.4.1' ],
491 silly audit   lightningcss: [ '1.30.2' ],
491 silly audit   'lightningcss-android-arm64': [ '1.30.2' ],
491 silly audit   'lightningcss-darwin-arm64': [ '1.30.2' ],
491 silly audit   'lightningcss-darwin-x64': [ '1.30.2' ],
491 silly audit   'lightningcss-freebsd-x64': [ '1.30.2' ],
491 silly audit   'lightningcss-linux-arm-gnueabihf': [ '1.30.2' ],
491 silly audit   'lightningcss-linux-arm64-gnu': [ '1.30.2' ],
491 silly audit   'lightningcss-linux-arm64-musl': [ '1.30.2' ],
491 silly audit   'lightningcss-linux-x64-gnu': [ '1.30.2' ],
491 silly audit   'lightningcss-linux-x64-musl': [ '1.30.2' ],
491 silly audit   'lightningcss-win32-arm64-msvc': [ '1.30.2' ],
491 silly audit   'lightningcss-win32-x64-msvc': [ '1.30.2' ],
491 silly audit   'locate-path': [ '6.0.0' ],
491 silly audit   'lodash.merge': [ '4.6.2' ],
491 silly audit   'loose-envify': [ '1.4.0' ],
491 silly audit   'lru-cache': [ '5.1.1' ],
491 silly audit   'magic-string': [ '0.30.21' ],
491 silly audit   'math-intrinsics': [ '1.1.0' ],
491 silly audit   merge2: [ '1.4.1' ],
491 silly audit   micromatch: [ '4.0.8' ],
491 silly audit   minimist: [ '1.2.8' ],
491 silly audit   ms: [ '2.1.3' ],
491 silly audit   nanoid: [ '3.3.11' ],
491 silly audit   'napi-postinstall': [ '0.3.4' ],
491 silly audit   'natural-compare': [ '1.4.0' ],
491 silly audit   next: [ '16.1.6' ],
491 silly audit   postcss: [ '8.4.31', '8.5.6' ],
491 silly audit   'node-releases': [ '2.0.27' ],
491 silly audit   'object-assign': [ '4.1.1' ],
491 silly audit   'object-inspect': [ '1.13.4' ],
491 silly audit   'object-keys': [ '1.1.1' ],
491 silly audit   'object.assign': [ '4.1.7' ],
491 silly audit   'object.entries': [ '1.1.9' ],
491 silly audit   'object.fromentries': [ '2.0.8' ],
491 silly audit   'object.groupby': [ '1.0.3' ],
491 silly audit   'object.values': [ '1.2.1' ],
491 silly audit   optionator: [ '0.9.4' ],
491 silly audit   'own-keys': [ '1.0.1' ],
491 silly audit   'p-limit': [ '3.1.0' ],
491 silly audit   'p-locate': [ '5.0.0' ],
491 silly audit   'parent-module': [ '1.0.1' ],
491 silly audit   'path-exists': [ '4.0.0' ],
491 silly audit   'path-key': [ '3.1.1' ],
491 silly audit   'path-parse': [ '1.0.7' ],
491 silly audit   picocolors: [ '1.1.1' ],
491 silly audit   picomatch: [ '2.3.1', '4.0.3' ],
491 silly audit   'possible-typed-array-names': [ '1.1.0' ],
491 silly audit   'prelude-ls': [ '1.2.1' ],
491 silly audit   'prop-types': [ '15.8.1' ],
491 silly audit   punycode: [ '2.3.1' ],
491 silly audit   'queue-microtask': [ '1.2.3' ],
491 silly audit   react: [ '19.2.3' ],
491 silly audit   'react-dom': [ '19.2.3' ],
491 silly audit   'react-is': [ '16.13.1' ],
491 silly audit   'reflect.getprototypeof': [ '1.0.10' ],
491 silly audit   'regexp.prototype.flags': [ '1.5.4' ],
491 silly audit   'resolve-from': [ '4.0.0' ],
491 silly audit   'resolve-pkg-maps': [ '1.0.0' ],
491 silly audit   reusify: [ '1.1.0' ],
491 silly audit   'run-parallel': [ '1.2.0' ],
491 silly audit   'safe-array-concat': [ '1.1.3' ],
491 silly audit   'safe-push-apply': [ '1.0.0' ],
491 silly audit   'safe-regex-test': [ '1.1.0' ],
491 silly audit   scheduler: [ '0.27.0' ],
491 silly audit   'set-function-length': [ '1.2.2' ],
491 silly audit   'set-function-name': [ '2.0.2' ],
491 silly audit   'set-proto': [ '1.0.0' ],
491 silly audit   sharp: [ '0.34.5' ],
491 silly audit   'shebang-command': [ '2.0.0' ],
491 silly audit   'shebang-regex': [ '3.0.0' ],
491 silly audit   'side-channel': [ '1.1.0' ],
491 silly audit   'side-channel-list': [ '1.0.0' ],
491 silly audit   'side-channel-map': [ '1.0.1' ],
491 silly audit   'side-channel-weakmap': [ '1.0.2' ],
491 silly audit   'source-map-js': [ '1.2.1' ],
491 silly audit   'stable-hash': [ '0.0.5' ],
491 silly audit   'stop-iteration-iterator': [ '1.1.0' ],
491 silly audit   'string.prototype.includes': [ '2.0.1' ],
491 silly audit   'string.prototype.matchall': [ '4.0.12' ],
491 silly audit   'string.prototype.repeat': [ '1.0.0' ],
491 silly audit   'string.prototype.trim': [ '1.2.10' ],
491 silly audit   'string.prototype.trimend': [ '1.0.9' ],
491 silly audit   'string.prototype.trimstart': [ '1.0.8' ],
491 silly audit   'strip-bom': [ '3.0.0' ],
491 silly audit   'strip-json-comments': [ '3.1.1' ],
491 silly audit   'styled-jsx': [ '5.1.6' ],
491 silly audit   'supports-color': [ '7.2.0' ],
491 silly audit   'supports-preserve-symlinks-flag': [ '1.0.0' ],
491 silly audit   tailwindcss: [ '4.1.18' ],
491 silly audit   tapable: [ '2.3.0' ],
491 silly audit   tinyglobby: [ '0.2.15' ],
491 silly audit   fdir: [ '6.5.0' ],
491 silly audit   'to-regex-range': [ '5.0.1' ],
491 silly audit   'ts-api-utils': [ '2.4.0' ],
491 silly audit   'tsconfig-paths': [ '3.15.0' ],
491 silly audit   tslib: [ '2.8.1' ],
491 silly audit   'type-check': [ '0.4.0' ],
491 silly audit   'typed-array-buffer': [ '1.0.3' ],
491 silly audit   'typed-array-byte-length': [ '1.0.3' ],
491 silly audit   'typed-array-byte-offset': [ '1.0.4' ],
491 silly audit   'typed-array-length': [ '1.0.7' ],
491 silly audit   typescript: [ '5.9.3' ],
491 silly audit   'typescript-eslint': [ '8.55.0' ],
491 silly audit   'unbox-primitive': [ '1.1.0' ],
491 silly audit   'undici-types': [ '6.21.0' ],
491 silly audit   'unrs-resolver': [ '1.11.1' ],
491 silly audit   'update-browserslist-db': [ '1.2.3' ],
491 silly audit   'uri-js': [ '4.4.1' ],
491 silly audit   which: [ '2.0.2' ],
491 silly audit   'which-boxed-primitive': [ '1.1.1' ],
491 silly audit   'which-builtin-type': [ '1.2.1' ],
491 silly audit   'which-collection': [ '1.0.2' ],
491 silly audit   'which-typed-array': [ '1.1.20' ],
491 silly audit   'word-wrap': [ '1.2.5' ],
491 silly audit   yallist: [ '3.1.1' ],
491 silly audit   'yocto-queue': [ '0.1.0' ],
491 silly audit   zod: [ '4.3.6' ],
491 silly audit   'zod-validation-error': [ '4.0.2' ],
491 silly audit   'lucide-react': [ '0.563.0' ],
491 silly audit   'markmap-common': [ '0.18.9' ],
491 silly audit   'markmap-lib': [ '0.18.12' ],
491 silly audit   'markmap-toolbar': [ '0.18.12' ],
491 silly audit   'markmap-view': [ '0.18.12' ],
491 silly audit   'reveal.js': [ '5.2.1' ],
491 silly audit   vditor: [ '3.11.2' ],
491 silly audit   '@babel/runtime': [ '7.28.6' ],
491 silly audit   '@gera2ld/jsx-dom': [ '2.2.2' ],
491 silly audit   npm2url: [ '0.2.4' ],
491 silly audit   '@vscode/markdown-it-katex': [ '1.1.2' ],
491 silly audit   'highlight.js': [ '11.11.1' ],
491 silly audit   katex: [ '0.16.28' ],
491 silly audit   'markdown-it': [ '14.1.1' ],
491 silly audit   'markdown-it-ins': [ '4.0.0' ],
491 silly audit   'markdown-it-mark': [ '4.0.0' ],
491 silly audit   'markdown-it-sub': [ '2.0.0' ],
491 silly audit   'markdown-it-sup': [ '2.0.0' ],
491 silly audit   'markmap-html-parser': [ '0.18.11' ],
491 silly audit   prismjs: [ '1.30.0' ],
491 silly audit   yaml: [ '2.8.2' ],
491 silly audit   commander: [ '8.3.0', '7.2.0' ],
491 silly audit   entities: [ '4.5.0', '6.0.1' ],
491 silly audit   'linkify-it': [ '5.0.0' ],
491 silly audit   mdurl: [ '2.0.0' ],
491 silly audit   'punycode.js': [ '2.3.1' ],
491 silly audit   'uc.micro': [ '2.1.0' ],
491 silly audit   cheerio: [ '1.0.0' ],
491 silly audit   'cheerio-select': [ '2.1.0' ],
491 silly audit   'dom-serializer': [ '2.0.0' ],
491 silly audit   domhandler: [ '5.0.3' ],
491 silly audit   domutils: [ '3.2.2' ],
491 silly audit   'encoding-sniffer': [ '0.2.1' ],
491 silly audit   htmlparser2: [ '9.1.0' ],
491 silly audit   parse5: [ '7.3.0' ],
491 silly audit   'parse5-htmlparser2-tree-adapter': [ '7.1.0' ],
491 silly audit   'parse5-parser-stream': [ '7.1.2' ],
491 silly audit   undici: [ '6.23.0' ],
491 silly audit   'whatwg-mimetype': [ '4.0.0' ],
491 silly audit   boolbase: [ '1.0.0' ],
491 silly audit   'css-select': [ '5.2.2' ],
491 silly audit   'css-what': [ '6.2.2' ],
491 silly audit   domelementtype: [ '2.3.0' ],
491 silly audit   'nth-check': [ '2.1.1' ],
491 silly audit   'iconv-lite': [ '0.6.3' ],
491 silly audit   'whatwg-encoding': [ '3.1.1' ],
491 silly audit   'safer-buffer': [ '2.1.2' ],
491 silly audit   d3: [ '7.9.0' ],
491 silly audit   'd3-array': [ '3.2.4' ],
491 silly audit   'd3-axis': [ '3.0.0' ],
491 silly audit   'd3-brush': [ '3.0.0' ],
491 silly audit   'd3-chord': [ '3.0.1' ],
491 silly audit   'd3-color': [ '3.1.0' ],
491 silly audit   'd3-contour': [ '4.0.2' ],
491 silly audit   'd3-delaunay': [ '6.0.4' ],
491 silly audit   'd3-dispatch': [ '3.0.1' ],
491 silly audit   'd3-drag': [ '3.0.0' ],
491 silly audit   'd3-dsv': [ '3.0.1' ],
491 silly audit   'd3-ease': [ '3.0.1' ],
491 silly audit   'd3-fetch': [ '3.0.1' ],
491 silly audit   'd3-force': [ '3.0.0' ],
491 silly audit   'd3-format': [ '3.1.2' ],
491 silly audit   'd3-geo': [ '3.1.1' ],
491 silly audit   'd3-hierarchy': [ '3.1.2' ],
491 silly audit   'd3-interpolate': [ '3.0.1' ],
491 silly audit   'd3-path': [ '3.1.0' ],
491 silly audit   'd3-polygon': [ '3.0.1' ],
491 silly audit   'd3-quadtree': [ '3.0.1' ],
491 silly audit   'd3-random': [ '3.0.1' ],
491 silly audit   'd3-scale': [ '4.0.2' ],
491 silly audit   'd3-scale-chromatic': [ '3.1.0' ],
491 silly audit   'd3-selection': [ '3.0.0' ],
491 silly audit   'd3-shape': [ '3.2.0' ],
491 silly audit   'd3-time': [ '3.1.0' ],
491 silly audit   'd3-time-format': [ '4.1.0' ],
491 silly audit   'd3-timer': [ '3.0.1' ],
491 silly audit   'd3-transition': [ '3.0.1' ],
491 silly audit   'd3-zoom': [ '3.0.0' ],
491 silly audit   internmap: [ '2.0.3' ],
491 silly audit   delaunator: [ '5.0.1' ],
491 silly audit   rw: [ '1.3.3' ],
491 silly audit   'robust-predicates': [ '3.0.2' ],
491 silly audit   'diff-match-patch': [ '1.0.5' ]
491 silly audit }
492 http cache robust-predicates@https://registry.npmmirror.com/robust-predicates/-/robust-predicates-3.0.2.tgz 1ms (cache hit)
493 http cache diff-match-patch@https://registry.npmmirror.com/diff-match-patch/-/diff-match-patch-1.0.5.tgz 0ms (cache hit)
494 http cache rw@https://registry.npmmirror.com/rw/-/rw-1.3.3.tgz 0ms (cache hit)
495 http cache delaunator@https://registry.npmmirror.com/delaunator/-/delaunator-5.0.1.tgz 0ms (cache hit)
496 http cache internmap@https://registry.npmmirror.com/internmap/-/internmap-2.0.3.tgz 0ms (cache hit)
497 http cache d3-zoom@https://registry.npmmirror.com/d3-zoom/-/d3-zoom-3.0.0.tgz 0ms (cache hit)
498 http cache d3-transition@https://registry.npmmirror.com/d3-transition/-/d3-transition-3.0.1.tgz 0ms (cache hit)
499 http cache d3-timer@https://registry.npmmirror.com/d3-timer/-/d3-timer-3.0.1.tgz 0ms (cache hit)
500 http cache d3-time-format@https://registry.npmmirror.com/d3-time-format/-/d3-time-format-4.1.0.tgz 0ms (cache hit)
501 http cache d3-time@https://registry.npmmirror.com/d3-time/-/d3-time-3.1.0.tgz 0ms (cache hit)
502 http cache d3-shape@https://registry.npmmirror.com/d3-shape/-/d3-shape-3.2.0.tgz 0ms (cache hit)
503 http cache d3-selection@https://registry.npmmirror.com/d3-selection/-/d3-selection-3.0.0.tgz 0ms (cache hit)
504 http cache d3-scale-chromatic@https://registry.npmmirror.com/d3-scale-chromatic/-/d3-scale-chromatic-3.1.0.tgz 0ms (cache hit)
505 http cache d3-scale@https://registry.npmmirror.com/d3-scale/-/d3-scale-4.0.2.tgz 0ms (cache hit)
506 http cache d3-random@https://registry.npmmirror.com/d3-random/-/d3-random-3.0.1.tgz 0ms (cache hit)
507 http cache d3-quadtree@https://registry.npmmirror.com/d3-quadtree/-/d3-quadtree-3.0.1.tgz 0ms (cache hit)
508 http cache d3-polygon@https://registry.npmmirror.com/d3-polygon/-/d3-polygon-3.0.1.tgz 0ms (cache hit)
509 http cache d3-path@https://registry.npmmirror.com/d3-path/-/d3-path-3.1.0.tgz 0ms (cache hit)
510 http cache d3-interpolate@https://registry.npmmirror.com/d3-interpolate/-/d3-interpolate-3.0.1.tgz 0ms (cache hit)
511 http cache d3-hierarchy@https://registry.npmmirror.com/d3-hierarchy/-/d3-hierarchy-3.1.2.tgz 0ms (cache hit)
512 http cache d3-geo@https://registry.npmmirror.com/d3-geo/-/d3-geo-3.1.1.tgz 0ms (cache hit)
513 http cache d3-force@https://registry.npmmirror.com/d3-force/-/d3-force-3.0.0.tgz 0ms (cache hit)
514 http cache d3-fetch@https://registry.npmmirror.com/d3-fetch/-/d3-fetch-3.0.1.tgz 0ms (cache hit)
515 http cache d3-ease@https://registry.npmmirror.com/d3-ease/-/d3-ease-3.0.1.tgz 0ms (cache hit)
516 http cache d3-dsv@https://registry.npmmirror.com/d3-dsv/-/d3-dsv-3.0.1.tgz 0ms (cache hit)
517 http cache d3-drag@https://registry.npmmirror.com/d3-drag/-/d3-drag-3.0.0.tgz 0ms (cache hit)
518 http cache d3-dispatch@https://registry.npmmirror.com/d3-dispatch/-/d3-dispatch-3.0.1.tgz 0ms (cache hit)
519 http cache d3-delaunay@https://registry.npmmirror.com/d3-delaunay/-/d3-delaunay-6.0.4.tgz 0ms (cache hit)
520 http cache d3-contour@https://registry.npmmirror.com/d3-contour/-/d3-contour-4.0.2.tgz 0ms (cache hit)
521 http cache d3-color@https://registry.npmmirror.com/d3-color/-/d3-color-3.1.0.tgz 0ms (cache hit)
522 http cache d3-chord@https://registry.npmmirror.com/d3-chord/-/d3-chord-3.0.1.tgz 0ms (cache hit)
523 http cache d3-brush@https://registry.npmmirror.com/d3-brush/-/d3-brush-3.0.0.tgz 0ms (cache hit)
524 http cache d3-axis@https://registry.npmmirror.com/d3-axis/-/d3-axis-3.0.0.tgz 0ms (cache hit)
525 http cache d3-array@https://registry.npmmirror.com/d3-array/-/d3-array-3.2.4.tgz 0ms (cache hit)
526 http cache safer-buffer@https://registry.npmmirror.com/safer-buffer/-/safer-buffer-2.1.2.tgz 0ms (cache hit)
527 http cache d3@https://registry.npmmirror.com/d3/-/d3-7.9.0.tgz 0ms (cache hit)
528 http cache iconv-lite@https://registry.npmmirror.com/iconv-lite/-/iconv-lite-0.6.3.tgz 0ms (cache hit)
529 http cache whatwg-encoding@https://registry.npmmirror.com/whatwg-encoding/-/whatwg-encoding-3.1.1.tgz 0ms (cache hit)
530 http cache nth-check@https://registry.npmmirror.com/nth-check/-/nth-check-2.1.1.tgz 0ms (cache hit)
531 http cache domelementtype@https://registry.npmmirror.com/domelementtype/-/domelementtype-2.3.0.tgz 0ms (cache hit)
532 http cache css-select@https://registry.npmmirror.com/css-select/-/css-select-5.2.2.tgz 0ms (cache hit)
533 http cache boolbase@https://registry.npmmirror.com/boolbase/-/boolbase-1.0.0.tgz 0ms (cache hit)
534 http cache whatwg-mimetype@https://registry.npmmirror.com/whatwg-mimetype/-/whatwg-mimetype-4.0.0.tgz 0ms (cache hit)
535 http cache undici@https://registry.npmmirror.com/undici/-/undici-6.23.0.tgz 0ms (cache hit)
536 http cache parse5-parser-stream@https://registry.npmmirror.com/parse5-parser-stream/-/parse5-parser-stream-7.1.2.tgz 0ms (cache hit)
537 http cache parse5-htmlparser2-tree-adapter@https://registry.npmmirror.com/parse5-htmlparser2-tree-adapter/-/parse5-htmlparser2-tree-adapter-7.1.0.tgz 0ms (cache hit)
538 http cache parse5@https://registry.npmmirror.com/parse5/-/parse5-7.3.0.tgz 0ms (cache hit)
539 http cache encoding-sniffer@https://registry.npmmirror.com/encoding-sniffer/-/encoding-sniffer-0.2.1.tgz 0ms (cache hit)
540 http cache domutils@https://registry.npmmirror.com/domutils/-/domutils-3.2.2.tgz 0ms (cache hit)
541 http cache htmlparser2@https://registry.npmmirror.com/htmlparser2/-/htmlparser2-9.1.0.tgz 0ms (cache hit)
542 http cache domhandler@https://registry.npmmirror.com/domhandler/-/domhandler-5.0.3.tgz 0ms (cache hit)
543 http cache dom-serializer@https://registry.npmmirror.com/dom-serializer/-/dom-serializer-2.0.0.tgz 0ms (cache hit)
544 http cache cheerio-select@https://registry.npmmirror.com/cheerio-select/-/cheerio-select-2.1.0.tgz 0ms (cache hit)
545 http cache cheerio@https://registry.npmmirror.com/cheerio/-/cheerio-1.0.0.tgz 0ms (cache hit)
546 http cache punycode.js@https://registry.npmmirror.com/punycode.js/-/punycode.js-2.3.1.tgz 0ms (cache hit)
547 http cache uc.micro@https://registry.npmmirror.com/uc.micro/-/uc.micro-2.1.0.tgz 0ms (cache hit)
548 http cache css-what@https://registry.npmmirror.com/css-what/-/css-what-6.2.2.tgz 0ms (cache hit)
549 http cache mdurl@https://registry.npmmirror.com/mdurl/-/mdurl-2.0.0.tgz 0ms (cache hit)
550 http cache commander@https://registry.npmmirror.com/commander/-/commander-8.3.0.tgz 0ms (cache hit)
551 http cache d3-format@https://registry.npmmirror.com/d3-format/-/d3-format-3.1.2.tgz 0ms (cache hit)
552 http cache yaml@https://registry.npmmirror.com/yaml/-/yaml-2.8.2.tgz 0ms (cache hit)
553 http cache markmap-html-parser@https://registry.npmmirror.com/markmap-html-parser/-/markmap-html-parser-0.18.11.tgz 0ms (cache hit)
554 http cache markdown-it-sup@https://registry.npmmirror.com/markdown-it-sup/-/markdown-it-sup-2.0.0.tgz 0ms (cache hit)
555 http cache markdown-it-sub@https://registry.npmmirror.com/markdown-it-sub/-/markdown-it-sub-2.0.0.tgz 0ms (cache hit)
556 http cache entities@https://registry.npmmirror.com/entities/-/entities-4.5.0.tgz 0ms (cache hit)
557 http cache markdown-it-mark@https://registry.npmmirror.com/markdown-it-mark/-/markdown-it-mark-4.0.0.tgz 0ms (cache hit)
558 http cache markdown-it-ins@https://registry.npmmirror.com/markdown-it-ins/-/markdown-it-ins-4.0.0.tgz 0ms (cache hit)
559 http cache prismjs@https://registry.npmmirror.com/prismjs/-/prismjs-1.30.0.tgz 0ms (cache hit)
560 http cache markdown-it@https://registry.npmmirror.com/markdown-it/-/markdown-it-14.1.1.tgz 0ms (cache hit)
561 http cache @vscode/markdown-it-katex@https://registry.npmmirror.com/@vscode/markdown-it-katex/-/markdown-it-katex-1.1.2.tgz 0ms (cache hit)
562 http cache npm2url@https://registry.npmmirror.com/npm2url/-/npm2url-0.2.4.tgz 0ms (cache hit)
563 http cache katex@https://registry.npmmirror.com/katex/-/katex-0.16.28.tgz 0ms (cache hit)
564 http cache @gera2ld/jsx-dom@https://registry.npmmirror.com/@gera2ld/jsx-dom/-/jsx-dom-2.2.2.tgz 0ms (cache hit)
565 http cache @babel/runtime@https://registry.npmmirror.com/@babel/runtime/-/runtime-7.28.6.tgz 0ms (cache hit)
566 http cache vditor@https://registry.npmmirror.com/vditor/-/vditor-3.11.2.tgz 0ms (cache hit)
567 http cache reveal.js@https://registry.npmmirror.com/reveal.js/-/reveal.js-5.2.1.tgz 0ms (cache hit)
568 http cache markmap-view@https://registry.npmmirror.com/markmap-view/-/markmap-view-0.18.12.tgz 0ms (cache hit)
569 http cache linkify-it@https://registry.npmmirror.com/linkify-it/-/linkify-it-5.0.0.tgz 0ms (cache hit)
570 http cache highlight.js@https://registry.npmmirror.com/highlight.js/-/highlight.js-11.11.1.tgz 0ms (cache hit)
571 http cache markmap-toolbar@https://registry.npmmirror.com/markmap-toolbar/-/markmap-toolbar-0.18.12.tgz 0ms (cache hit)
572 http cache markmap-lib@https://registry.npmmirror.com/markmap-lib/-/markmap-lib-0.18.12.tgz 0ms (cache hit)
573 http cache entities@https://registry.npmmirror.com/entities/-/entities-6.0.1.tgz 0ms (cache hit)
574 http cache commander@https://registry.npmmirror.com/commander/-/commander-7.2.0.tgz 0ms (cache hit)
575 http cache lucide-react@https://registry.npmmirror.com/lucide-react/-/lucide-react-0.563.0.tgz 0ms (cache hit)
576 http cache markmap-common@https://registry.npmmirror.com/markmap-common/-/markmap-common-0.18.9.tgz 0ms (cache hit)
577 silly tarball no local data for robust-predicates@https://registry.npmmirror.com/robust-predicates/-/robust-predicates-3.0.2.tgz. Extracting by manifest.
578 silly tarball no local data for diff-match-patch@https://registry.npmmirror.com/diff-match-patch/-/diff-match-patch-1.0.5.tgz. Extracting by manifest.
579 silly tarball no local data for rw@https://registry.npmmirror.com/rw/-/rw-1.3.3.tgz. Extracting by manifest.
580 silly tarball no local data for delaunator@https://registry.npmmirror.com/delaunator/-/delaunator-5.0.1.tgz. Extracting by manifest.
581 silly tarball no local data for internmap@https://registry.npmmirror.com/internmap/-/internmap-2.0.3.tgz. Extracting by manifest.
582 silly tarball no local data for d3-zoom@https://registry.npmmirror.com/d3-zoom/-/d3-zoom-3.0.0.tgz. Extracting by manifest.
583 silly tarball no local data for d3-transition@https://registry.npmmirror.com/d3-transition/-/d3-transition-3.0.1.tgz. Extracting by manifest.
584 silly tarball no local data for d3-timer@https://registry.npmmirror.com/d3-timer/-/d3-timer-3.0.1.tgz. Extracting by manifest.
585 silly tarball no local data for d3-time-format@https://registry.npmmirror.com/d3-time-format/-/d3-time-format-4.1.0.tgz. Extracting by manifest.
586 silly tarball no local data for d3-time@https://registry.npmmirror.com/d3-time/-/d3-time-3.1.0.tgz. Extracting by manifest.
587 silly tarball no local data for d3-shape@https://registry.npmmirror.com/d3-shape/-/d3-shape-3.2.0.tgz. Extracting by manifest.
588 silly tarball no local data for d3-selection@https://registry.npmmirror.com/d3-selection/-/d3-selection-3.0.0.tgz. Extracting by manifest.
589 silly tarball no local data for d3-scale-chromatic@https://registry.npmmirror.com/d3-scale-chromatic/-/d3-scale-chromatic-3.1.0.tgz. Extracting by manifest.
590 silly tarball no local data for d3-scale@https://registry.npmmirror.com/d3-scale/-/d3-scale-4.0.2.tgz. Extracting by manifest.
591 silly tarball no local data for d3-random@https://registry.npmmirror.com/d3-random/-/d3-random-3.0.1.tgz. Extracting by manifest.
592 silly tarball no local data for d3-quadtree@https://registry.npmmirror.com/d3-quadtree/-/d3-quadtree-3.0.1.tgz. Extracting by manifest.
593 silly tarball no local data for d3-polygon@https://registry.npmmirror.com/d3-polygon/-/d3-polygon-3.0.1.tgz. Extracting by manifest.
594 silly tarball no local data for d3-path@https://registry.npmmirror.com/d3-path/-/d3-path-3.1.0.tgz. Extracting by manifest.
595 silly tarball no local data for d3-interpolate@https://registry.npmmirror.com/d3-interpolate/-/d3-interpolate-3.0.1.tgz. Extracting by manifest.
596 silly tarball no local data for d3-hierarchy@https://registry.npmmirror.com/d3-hierarchy/-/d3-hierarchy-3.1.2.tgz. Extracting by manifest.
597 silly tarball no local data for d3-geo@https://registry.npmmirror.com/d3-geo/-/d3-geo-3.1.1.tgz. Extracting by manifest.
598 silly tarball no local data for d3-force@https://registry.npmmirror.com/d3-force/-/d3-force-3.0.0.tgz. Extracting by manifest.
599 silly tarball no local data for d3-fetch@https://registry.npmmirror.com/d3-fetch/-/d3-fetch-3.0.1.tgz. Extracting by manifest.
600 silly tarball no local data for d3-ease@https://registry.npmmirror.com/d3-ease/-/d3-ease-3.0.1.tgz. Extracting by manifest.
601 silly tarball no local data for d3-dsv@https://registry.npmmirror.com/d3-dsv/-/d3-dsv-3.0.1.tgz. Extracting by manifest.
602 silly tarball no local data for d3-drag@https://registry.npmmirror.com/d3-drag/-/d3-drag-3.0.0.tgz. Extracting by manifest.
603 silly tarball no local data for d3-dispatch@https://registry.npmmirror.com/d3-dispatch/-/d3-dispatch-3.0.1.tgz. Extracting by manifest.
604 silly tarball no local data for d3-delaunay@https://registry.npmmirror.com/d3-delaunay/-/d3-delaunay-6.0.4.tgz. Extracting by manifest.
605 silly tarball no local data for d3-contour@https://registry.npmmirror.com/d3-contour/-/d3-contour-4.0.2.tgz. Extracting by manifest.
606 silly tarball no local data for d3-color@https://registry.npmmirror.com/d3-color/-/d3-color-3.1.0.tgz. Extracting by manifest.
607 silly tarball no local data for d3-chord@https://registry.npmmirror.com/d3-chord/-/d3-chord-3.0.1.tgz. Extracting by manifest.
608 silly tarball no local data for d3-brush@https://registry.npmmirror.com/d3-brush/-/d3-brush-3.0.0.tgz. Extracting by manifest.
609 silly tarball no local data for d3-axis@https://registry.npmmirror.com/d3-axis/-/d3-axis-3.0.0.tgz. Extracting by manifest.
610 silly tarball no local data for d3-array@https://registry.npmmirror.com/d3-array/-/d3-array-3.2.4.tgz. Extracting by manifest.
611 silly tarball no local data for safer-buffer@https://registry.npmmirror.com/safer-buffer/-/safer-buffer-2.1.2.tgz. Extracting by manifest.
612 silly tarball no local data for d3@https://registry.npmmirror.com/d3/-/d3-7.9.0.tgz. Extracting by manifest.
613 silly tarball no local data for iconv-lite@https://registry.npmmirror.com/iconv-lite/-/iconv-lite-0.6.3.tgz. Extracting by manifest.
614 silly tarball no local data for whatwg-encoding@https://registry.npmmirror.com/whatwg-encoding/-/whatwg-encoding-3.1.1.tgz. Extracting by manifest.
615 silly tarball no local data for nth-check@https://registry.npmmirror.com/nth-check/-/nth-check-2.1.1.tgz. Extracting by manifest.
616 silly tarball no local data for domelementtype@https://registry.npmmirror.com/domelementtype/-/domelementtype-2.3.0.tgz. Extracting by manifest.
617 silly tarball no local data for css-select@https://registry.npmmirror.com/css-select/-/css-select-5.2.2.tgz. Extracting by manifest.
618 silly tarball no local data for boolbase@https://registry.npmmirror.com/boolbase/-/boolbase-1.0.0.tgz. Extracting by manifest.
619 silly tarball no local data for whatwg-mimetype@https://registry.npmmirror.com/whatwg-mimetype/-/whatwg-mimetype-4.0.0.tgz. Extracting by manifest.
620 silly tarball no local data for undici@https://registry.npmmirror.com/undici/-/undici-6.23.0.tgz. Extracting by manifest.
621 silly tarball no local data for parse5-parser-stream@https://registry.npmmirror.com/parse5-parser-stream/-/parse5-parser-stream-7.1.2.tgz. Extracting by manifest.
622 silly tarball no local data for parse5-htmlparser2-tree-adapter@https://registry.npmmirror.com/parse5-htmlparser2-tree-adapter/-/parse5-htmlparser2-tree-adapter-7.1.0.tgz. Extracting by manifest.
623 silly tarball no local data for parse5@https://registry.npmmirror.com/parse5/-/parse5-7.3.0.tgz. Extracting by manifest.
624 silly tarball no local data for encoding-sniffer@https://registry.npmmirror.com/encoding-sniffer/-/encoding-sniffer-0.2.1.tgz. Extracting by manifest.
625 silly tarball no local data for domutils@https://registry.npmmirror.com/domutils/-/domutils-3.2.2.tgz. Extracting by manifest.
626 silly tarball no local data for htmlparser2@https://registry.npmmirror.com/htmlparser2/-/htmlparser2-9.1.0.tgz. Extracting by manifest.
627 silly tarball no local data for domhandler@https://registry.npmmirror.com/domhandler/-/domhandler-5.0.3.tgz. Extracting by manifest.
628 silly tarball no local data for dom-serializer@https://registry.npmmirror.com/dom-serializer/-/dom-serializer-2.0.0.tgz. Extracting by manifest.
629 silly tarball no local data for cheerio-select@https://registry.npmmirror.com/cheerio-select/-/cheerio-select-2.1.0.tgz. Extracting by manifest.
630 silly tarball no local data for cheerio@https://registry.npmmirror.com/cheerio/-/cheerio-1.0.0.tgz. Extracting by manifest.
631 silly tarball no local data for punycode.js@https://registry.npmmirror.com/punycode.js/-/punycode.js-2.3.1.tgz. Extracting by manifest.
632 silly tarball no local data for uc.micro@https://registry.npmmirror.com/uc.micro/-/uc.micro-2.1.0.tgz. Extracting by manifest.
633 silly tarball no local data for css-what@https://registry.npmmirror.com/css-what/-/css-what-6.2.2.tgz. Extracting by manifest.
634 silly tarball no local data for mdurl@https://registry.npmmirror.com/mdurl/-/mdurl-2.0.0.tgz. Extracting by manifest.
635 silly tarball no local data for commander@https://registry.npmmirror.com/commander/-/commander-8.3.0.tgz. Extracting by manifest.
636 silly tarball no local data for d3-format@https://registry.npmmirror.com/d3-format/-/d3-format-3.1.2.tgz. Extracting by manifest.
637 silly tarball no local data for yaml@https://registry.npmmirror.com/yaml/-/yaml-2.8.2.tgz. Extracting by manifest.
638 silly tarball no local data for markmap-html-parser@https://registry.npmmirror.com/markmap-html-parser/-/markmap-html-parser-0.18.11.tgz. Extracting by manifest.
639 silly tarball no local data for markdown-it-sup@https://registry.npmmirror.com/markdown-it-sup/-/markdown-it-sup-2.0.0.tgz. Extracting by manifest.
640 silly tarball no local data for markdown-it-sub@https://registry.npmmirror.com/markdown-it-sub/-/markdown-it-sub-2.0.0.tgz. Extracting by manifest.
641 silly tarball no local data for entities@https://registry.npmmirror.com/entities/-/entities-4.5.0.tgz. Extracting by manifest.
642 silly tarball no local data for markdown-it-mark@https://registry.npmmirror.com/markdown-it-mark/-/markdown-it-mark-4.0.0.tgz. Extracting by manifest.
643 silly tarball no local data for markdown-it-ins@https://registry.npmmirror.com/markdown-it-ins/-/markdown-it-ins-4.0.0.tgz. Extracting by manifest.
644 silly tarball no local data for prismjs@https://registry.npmmirror.com/prismjs/-/prismjs-1.30.0.tgz. Extracting by manifest.
645 silly tarball no local data for markdown-it@https://registry.npmmirror.com/markdown-it/-/markdown-it-14.1.1.tgz. Extracting by manifest.
646 silly tarball no local data for @vscode/markdown-it-katex@https://registry.npmmirror.com/@vscode/markdown-it-katex/-/markdown-it-katex-1.1.2.tgz. Extracting by manifest.
647 silly tarball no local data for npm2url@https://registry.npmmirror.com/npm2url/-/npm2url-0.2.4.tgz. Extracting by manifest.
648 silly tarball no local data for katex@https://registry.npmmirror.com/katex/-/katex-0.16.28.tgz. Extracting by manifest.
649 silly tarball no local data for @gera2ld/jsx-dom@https://registry.npmmirror.com/@gera2ld/jsx-dom/-/jsx-dom-2.2.2.tgz. Extracting by manifest.
650 silly tarball no local data for @babel/runtime@https://registry.npmmirror.com/@babel/runtime/-/runtime-7.28.6.tgz. Extracting by manifest.
651 silly tarball no local data for vditor@https://registry.npmmirror.com/vditor/-/vditor-3.11.2.tgz. Extracting by manifest.
652 silly tarball no local data for reveal.js@https://registry.npmmirror.com/reveal.js/-/reveal.js-5.2.1.tgz. Extracting by manifest.
653 silly tarball no local data for markmap-view@https://registry.npmmirror.com/markmap-view/-/markmap-view-0.18.12.tgz. Extracting by manifest.
654 silly tarball no local data for linkify-it@https://registry.npmmirror.com/linkify-it/-/linkify-it-5.0.0.tgz. Extracting by manifest.
655 silly tarball no local data for highlight.js@https://registry.npmmirror.com/highlight.js/-/highlight.js-11.11.1.tgz. Extracting by manifest.
656 silly tarball no local data for markmap-toolbar@https://registry.npmmirror.com/markmap-toolbar/-/markmap-toolbar-0.18.12.tgz. Extracting by manifest.
657 silly tarball no local data for markmap-lib@https://registry.npmmirror.com/markmap-lib/-/markmap-lib-0.18.12.tgz. Extracting by manifest.
658 silly tarball no local data for entities@https://registry.npmmirror.com/entities/-/entities-6.0.1.tgz. Extracting by manifest.
659 silly tarball no local data for commander@https://registry.npmmirror.com/commander/-/commander-7.2.0.tgz. Extracting by manifest.
660 silly tarball no local data for lucide-react@https://registry.npmmirror.com/lucide-react/-/lucide-react-0.563.0.tgz. Extracting by manifest.
661 silly tarball no local data for markmap-common@https://registry.npmmirror.com/markmap-common/-/markmap-common-0.18.9.tgz. Extracting by manifest.
662 http fetch POST 404 https://registry.npmmirror.com/-/npm/v1/security/advisories/bulk 310ms
663 verbose audit error HttpErrorGeneral: 404 Not Found - POST https://registry.npmmirror.com/-/npm/v1/security/advisories/bulk - [NOT_IMPLEMENTED] /-/npm/v1/security/* not implemented yet
663 verbose audit error     at /opt/homebrew/lib/node_modules/npm/node_modules/npm-registry-fetch/lib/check-response.js:103:15
663 verbose audit error     at process.processTicksAndRejections (node:internal/process/task_queues:104:5)
663 verbose audit error     at async #getReport (/opt/homebrew/lib/node_modules/npm/node_modules/@npmcli/arborist/lib/audit-report.js:275:19)
663 verbose audit error     at async AuditReport.run (/opt/homebrew/lib/node_modules/npm/node_modules/@npmcli/arborist/lib/audit-report.js:100:19) {
663 verbose audit error   headers: [Object: null prototype] {
663 verbose audit error     server: [ 'Tengine' ],
663 verbose audit error     date: [ 'Thu, 12 Feb 2026 07:54:06 GMT' ],
663 verbose audit error     'content-type': [ 'application/json' ],
663 verbose audit error     'transfer-encoding': [ 'chunked' ],
663 verbose audit error     connection: [ 'keep-alive' ],
663 verbose audit error     'strict-transport-security': [ 'max-age=5184000' ],
663 verbose audit error     via: [ 'ens-cache23.us37[,404666]' ],
663 verbose audit error     'timing-allow-origin': [ '*' ],
663 verbose audit error     eagleid: [ '9b6682ab17708828468141476e' ],
663 verbose audit error     'x-fetch-attempts': [ '1' ]
663 verbose audit error   },
663 verbose audit error   statusCode: 404,
663 verbose audit error   code: 'E404',
663 verbose audit error   method: 'POST',
663 verbose audit error   uri: 'https://registry.npmmirror.com/-/npm/v1/security/advisories/bulk',
663 verbose audit error   body: {
663 verbose audit error     error: '[NOT_IMPLEMENTED] /-/npm/v1/security/* not implemented yet'
663 verbose audit error   },
663 verbose audit error   pkgid: undefined
663 verbose audit error }
664 silly audit error [object Object]
665 silly audit report null
666 http fetch GET 200 https://cdn.npmmirror.com/packages/internmap/2.0.3/internmap-2.0.3.tgz 1752ms (cache miss)
667 http fetch GET 200 https://cdn.npmmirror.com/packages/d3-zoom/3.0.0/d3-zoom-3.0.0.tgz 1803ms (cache miss)
668 http fetch GET 200 https://cdn.npmmirror.com/packages/rw/1.3.3/rw-1.3.3.tgz 1889ms (cache miss)
669 http fetch GET 200 https://cdn.npmmirror.com/packages/delaunator/5.0.1/delaunator-5.0.1.tgz 1895ms (cache miss)
670 http fetch GET 200 https://cdn.npmmirror.com/packages/diff-match-patch/1.0.5/diff-match-patch-1.0.5.tgz 2021ms (cache miss)
671 http fetch GET 200 https://cdn.npmmirror.com/packages/d3-random/3.0.1/d3-random-3.0.1.tgz 2084ms (cache miss)
672 http fetch GET 200 https://cdn.npmmirror.com/packages/d3-force/3.0.0/d3-force-3.0.0.tgz 2133ms (cache miss)
673 http fetch GET 200 https://cdn.npmmirror.com/packages/d3-selection/3.0.0/d3-selection-3.0.0.tgz 2183ms (cache miss)
674 http fetch GET 200 https://cdn.npmmirror.com/packages/d3-fetch/3.0.1/d3-fetch-3.0.1.tgz 2215ms (cache miss)
675 http fetch GET 200 https://cdn.npmmirror.com/packages/d3-dsv/3.0.1/d3-dsv-3.0.1.tgz 2233ms (cache miss)
676 http fetch GET 200 https://cdn.npmmirror.com/packages/d3-path/3.1.0/d3-path-3.1.0.tgz 2240ms (cache miss)
677 http fetch GET 200 https://cdn.npmmirror.com/packages/d3-polygon/3.0.1/d3-polygon-3.0.1.tgz 2270ms (cache miss)
678 http fetch GET 200 https://cdn.npmmirror.com/packages/d3-dispatch/3.0.1/d3-dispatch-3.0.1.tgz 2364ms (cache miss)
679 http fetch GET 200 https://cdn.npmmirror.com/packages/d3-quadtree/3.0.1/d3-quadtree-3.0.1.tgz 2423ms (cache miss)
680 http fetch GET 200 https://cdn.npmmirror.com/packages/d3-interpolate/3.0.1/d3-interpolate-3.0.1.tgz 2432ms (cache miss)
681 http fetch GET 200 https://cdn.npmmirror.com/packages/d3-time/3.1.0/d3-time-3.1.0.tgz 2440ms (cache miss)
682 http fetch GET 200 https://cdn.npmmirror.com/packages/d3-scale-chromatic/3.1.0/d3-scale-chromatic-3.1.0.tgz 2510ms (cache miss)
683 http fetch GET 200 https://cdn.npmmirror.com/packages/d3-shape/3.2.0/d3-shape-3.2.0.tgz 2511ms (cache miss)
684 http fetch GET 200 https://cdn.npmmirror.com/packages/robust-predicates/3.0.2/robust-predicates-3.0.2.tgz 2518ms (cache miss)
685 http fetch GET 200 https://cdn.npmmirror.com/packages/d3-ease/3.0.1/d3-ease-3.0.1.tgz 2536ms (cache miss)
686 http fetch GET 200 https://cdn.npmmirror.com/packages/d3-hierarchy/3.1.2/d3-hierarchy-3.1.2.tgz 2540ms (cache miss)
687 http fetch GET 200 https://cdn.npmmirror.com/packages/d3-drag/3.0.0/d3-drag-3.0.0.tgz 2587ms (cache miss)
688 http fetch GET 200 https://cdn.npmmirror.com/packages/d3-delaunay/6.0.4/d3-delaunay-6.0.4.tgz 2620ms (cache miss)
689 http fetch GET 200 https://cdn.npmmirror.com/packages/d3-scale/4.0.2/d3-scale-4.0.2.tgz 2703ms (cache miss)
690 http fetch GET 200 https://cdn.npmmirror.com/packages/d3-color/3.1.0/d3-color-3.1.0.tgz 2705ms (cache miss)
691 http fetch GET 200 https://cdn.npmmirror.com/packages/d3-axis/3.0.0/d3-axis-3.0.0.tgz 2719ms (cache miss)
692 http fetch GET 200 https://cdn.npmmirror.com/packages/d3-contour/4.0.2/d3-contour-4.0.2.tgz 2733ms (cache miss)
693 http fetch GET 200 https://cdn.npmmirror.com/packages/d3-chord/3.0.1/d3-chord-3.0.1.tgz 2757ms (cache miss)
694 http fetch GET 200 https://cdn.npmmirror.com/packages/d3-brush/3.0.0/d3-brush-3.0.0.tgz 2769ms (cache miss)
695 http fetch GET 200 https://cdn.npmmirror.com/packages/safer-buffer/2.1.2/safer-buffer-2.1.2.tgz 2821ms (cache miss)
696 http fetch GET 200 https://cdn.npmmirror.com/packages/d3-geo/3.1.1/d3-geo-3.1.1.tgz 2829ms (cache miss)
697 http fetch GET 200 https://cdn.npmmirror.com/packages/d3-transition/3.0.1/d3-transition-3.0.1.tgz 2879ms (cache miss)
698 http fetch GET 200 https://cdn.npmmirror.com/packages/whatwg-encoding/3.1.1/whatwg-encoding-3.1.1.tgz 2909ms (cache miss)
699 http fetch GET 200 https://cdn.npmmirror.com/packages/d3-time-format/4.1.0/d3-time-format-4.1.0.tgz 2918ms (cache miss)
700 http fetch GET 200 https://cdn.npmmirror.com/packages/d3-array/3.2.4/d3-array-3.2.4.tgz 2914ms (cache miss)
701 http fetch GET 200 https://cdn.npmmirror.com/packages/domelementtype/2.3.0/domelementtype-2.3.0.tgz 2983ms (cache miss)
702 http fetch GET 200 https://cdn.npmmirror.com/packages/nth-check/2.1.1/nth-check-2.1.1.tgz 2990ms (cache miss)
703 http fetch GET 200 https://cdn.npmmirror.com/packages/boolbase/1.0.0/boolbase-1.0.0.tgz 3011ms (cache miss)
704 http fetch GET 200 https://cdn.npmmirror.com/packages/whatwg-mimetype/4.0.0/whatwg-mimetype-4.0.0.tgz 3019ms (cache miss)
705 http fetch GET 200 https://cdn.npmmirror.com/packages/parse5-parser-stream/7.1.2/parse5-parser-stream-7.1.2.tgz 3106ms (cache miss)
706 http fetch GET 200 https://cdn.npmmirror.com/packages/parse5-htmlparser2-tree-adapter/7.1.0/parse5-htmlparser2-tree-adapter-7.1.0.tgz 3123ms (cache miss)
707 http fetch GET 200 https://cdn.npmmirror.com/packages/css-select/5.2.2/css-select-5.2.2.tgz 3167ms (cache miss)
708 http fetch GET 200 https://cdn.npmmirror.com/packages/dom-serializer/2.0.0/dom-serializer-2.0.0.tgz 3277ms (cache miss)
709 http fetch GET 200 https://cdn.npmmirror.com/packages/encoding-sniffer/0.2.1/encoding-sniffer-0.2.1.tgz 3278ms (cache miss)
710 http fetch GET 200 https://cdn.npmmirror.com/packages/htmlparser2/9.1.0/htmlparser2-9.1.0.tgz 3284ms (cache miss)
711 http fetch GET 200 https://cdn.npmmirror.com/packages/domutils/3.2.2/domutils-3.2.2.tgz 3290ms (cache miss)
712 http fetch GET 200 https://cdn.npmmirror.com/packages/domhandler/5.0.3/domhandler-5.0.3.tgz 3299ms (cache miss)
713 http fetch GET 200 https://cdn.npmmirror.com/packages/cheerio-select/2.1.0/cheerio-select-2.1.0.tgz 3311ms (cache miss)
714 http fetch GET 200 https://cdn.npmmirror.com/packages/d3-timer/3.0.1/d3-timer-3.0.1.tgz 3353ms (cache miss)
715 http fetch GET 200 https://cdn.npmmirror.com/packages/punycode.js/2.3.1/punycode.js-2.3.1.tgz 3380ms (cache miss)
716 http fetch GET 200 https://cdn.npmmirror.com/packages/uc.micro/2.1.0/uc.micro-2.1.0.tgz 3408ms (cache miss)
717 http fetch GET 200 https://cdn.npmmirror.com/packages/iconv-lite/0.6.3/iconv-lite-0.6.3.tgz 3432ms (cache miss)
718 http fetch GET 200 https://cdn.npmmirror.com/packages/css-what/6.2.2/css-what-6.2.2.tgz 3433ms (cache miss)
719 http fetch GET 200 https://cdn.npmmirror.com/packages/parse5/7.3.0/parse5-7.3.0.tgz 3490ms (cache miss)
720 http fetch GET 200 https://cdn.npmmirror.com/packages/d3/7.9.0/d3-7.9.0.tgz 3572ms (cache miss)
721 http fetch GET 200 https://cdn.npmmirror.com/packages/markdown-it-sub/2.0.0/markdown-it-sub-2.0.0.tgz 3568ms (cache miss)
722 http fetch GET 200 https://cdn.npmmirror.com/packages/mdurl/2.0.0/mdurl-2.0.0.tgz 3584ms (cache miss)
723 http fetch GET 200 https://cdn.npmmirror.com/packages/d3-format/3.1.2/d3-format-3.1.2.tgz 3605ms (cache miss)
724 http fetch GET 200 https://cdn.npmmirror.com/packages/markdown-it-sup/2.0.0/markdown-it-sup-2.0.0.tgz 3618ms (cache miss)
725 http fetch GET 200 https://cdn.npmmirror.com/packages/markdown-it-mark/4.0.0/markdown-it-mark-4.0.0.tgz 3667ms (cache miss)
726 http fetch GET 200 https://cdn.npmmirror.com/packages/commander/8.3.0/commander-8.3.0.tgz 3705ms (cache miss)
727 http fetch GET 200 https://cdn.npmmirror.com/packages/cheerio/1.0.0/cheerio-1.0.0.tgz 3720ms (cache miss)
728 http fetch GET 200 https://cdn.npmmirror.com/packages/markdown-it-ins/4.0.0/markdown-it-ins-4.0.0.tgz 3734ms (cache miss)
729 http fetch GET 200 https://cdn.npmmirror.com/packages/npm2url/0.2.4/npm2url-0.2.4.tgz 3846ms (cache miss)
730 http fetch GET 200 https://cdn.npmmirror.com/packages/%40vscode/markdown-it-katex/1.1.2/markdown-it-katex-1.1.2.tgz 3847ms (cache miss)
731 http fetch GET 200 https://cdn.npmmirror.com/packages/markmap-html-parser/0.18.11/markmap-html-parser-0.18.11.tgz 3860ms (cache miss)
732 http fetch GET 200 https://cdn.npmmirror.com/packages/%40gera2ld/jsx-dom/2.2.2/jsx-dom-2.2.2.tgz 3893ms (cache miss)
733 http fetch GET 200 https://cdn.npmmirror.com/packages/yaml/2.8.2/yaml-2.8.2.tgz 3934ms (cache miss)
734 http fetch GET 200 https://cdn.npmmirror.com/packages/entities/4.5.0/entities-4.5.0.tgz 3985ms (cache miss)
735 http fetch GET 200 https://cdn.npmmirror.com/packages/linkify-it/5.0.0/linkify-it-5.0.0.tgz 4021ms (cache miss)
736 http fetch GET 200 https://cdn.npmmirror.com/packages/undici/6.23.0/undici-6.23.0.tgz 4102ms (cache miss)
737 http fetch GET 200 https://cdn.npmmirror.com/packages/markmap-toolbar/0.18.12/markmap-toolbar-0.18.12.tgz 4119ms (cache miss)
738 http fetch GET 200 https://cdn.npmmirror.com/packages/%40babel/runtime/7.28.6/runtime-7.28.6.tgz 4170ms (cache miss)
739 http fetch GET 200 https://cdn.npmmirror.com/packages/markmap-common/0.18.9/markmap-common-0.18.9.tgz 4193ms (cache miss)
740 http fetch GET 200 https://cdn.npmmirror.com/packages/markdown-it/14.1.1/markdown-it-14.1.1.tgz 4346ms (cache miss)
741 http fetch GET 200 https://cdn.npmmirror.com/packages/markmap-lib/0.18.12/markmap-lib-0.18.12.tgz 4447ms (cache miss)
742 http fetch GET 200 https://cdn.npmmirror.com/packages/commander/7.2.0/commander-7.2.0.tgz 4581ms (cache miss)
743 http fetch GET 200 https://cdn.npmmirror.com/packages/prismjs/1.30.0/prismjs-1.30.0.tgz 4634ms (cache miss)
744 http fetch GET 200 https://cdn.npmmirror.com/packages/markmap-view/0.18.12/markmap-view-0.18.12.tgz 4670ms (cache miss)
745 http fetch GET 200 https://cdn.npmmirror.com/packages/highlight.js/11.11.1/highlight.js-11.11.1.tgz 4736ms (cache miss)
746 http fetch GET 200 https://cdn.npmmirror.com/packages/entities/6.0.1/entities-6.0.1.tgz 4832ms (cache miss)
747 http fetch GET 200 https://cdn.npmmirror.com/packages/lucide-react/0.563.0/lucide-react-0.563.0.tgz 6432ms (cache miss)
748 http fetch GET 200 https://cdn.npmmirror.com/packages/reveal.js/5.2.1/reveal.js-5.2.1.tgz 8079ms (cache miss)
749 http fetch GET 200 https://cdn.npmmirror.com/packages/katex/0.16.28/katex-0.16.28.tgz 9143ms (cache miss)
750 http fetch GET 200 https://cdn.npmmirror.com/packages/vditor/3.11.2/vditor-3.11.2.tgz 14119ms (cache miss)
751 silly ADD node_modules/diff-match-patch
752 silly ADD node_modules/robust-predicates
753 silly ADD node_modules/rw
754 silly ADD node_modules/delaunator
755 silly ADD node_modules/internmap
756 silly ADD node_modules/d3-zoom
757 silly ADD node_modules/d3-transition
758 silly ADD node_modules/d3-timer
759 silly ADD node_modules/d3-time-format
760 silly ADD node_modules/d3-time
761 silly ADD node_modules/d3-shape
762 silly ADD node_modules/d3-selection
763 silly ADD node_modules/d3-scale-chromatic
764 silly ADD node_modules/d3-scale
765 silly ADD node_modules/d3-random
766 silly ADD node_modules/d3-quadtree
767 silly ADD node_modules/d3-polygon
768 silly ADD node_modules/d3-path
769 silly ADD node_modules/d3-interpolate
770 silly ADD node_modules/d3-hierarchy
771 silly ADD node_modules/d3-geo
772 silly ADD node_modules/d3-format
773 silly ADD node_modules/d3-force
774 silly ADD node_modules/d3-fetch
775 silly ADD node_modules/d3-ease
776 silly ADD node_modules/d3-dsv
777 silly ADD node_modules/d3-dsv/node_modules/commander
778 silly ADD node_modules/d3-drag
779 silly ADD node_modules/d3-dispatch
780 silly ADD node_modules/d3-delaunay
781 silly ADD node_modules/d3-contour
782 silly ADD node_modules/d3-color
783 silly ADD node_modules/d3-chord
784 silly ADD node_modules/d3-brush
785 silly ADD node_modules/d3-axis
786 silly ADD node_modules/d3-array
787 silly ADD node_modules/d3
788 silly ADD node_modules/safer-buffer
789 silly ADD node_modules/whatwg-encoding
790 silly ADD node_modules/iconv-lite
791 silly ADD node_modules/nth-check
792 silly ADD node_modules/domelementtype
793 silly ADD node_modules/css-what
794 silly ADD node_modules/css-select
795 silly ADD node_modules/boolbase
796 silly ADD node_modules/whatwg-mimetype
797 silly ADD node_modules/undici
798 silly ADD node_modules/parse5-parser-stream
799 silly ADD node_modules/parse5-htmlparser2-tree-adapter
800 silly ADD node_modules/parse5
801 silly ADD node_modules/parse5/node_modules/entities
802 silly ADD node_modules/htmlparser2
803 silly ADD node_modules/encoding-sniffer
804 silly ADD node_modules/domutils
805 silly ADD node_modules/domhandler
806 silly ADD node_modules/dom-serializer
807 silly ADD node_modules/cheerio-select
808 silly ADD node_modules/cheerio
809 silly ADD node_modules/uc.micro
810 silly ADD node_modules/punycode.js
811 silly ADD node_modules/mdurl
812 silly ADD node_modules/linkify-it
813 silly ADD node_modules/entities
814 silly ADD node_modules/commander
815 silly ADD node_modules/yaml
816 silly ADD node_modules/prismjs
817 silly ADD node_modules/markmap-html-parser
818 silly ADD node_modules/markdown-it-sup
819 silly ADD node_modules/markdown-it-sub
820 silly ADD node_modules/markdown-it-mark
821 silly ADD node_modules/markdown-it-ins
822 silly ADD node_modules/markdown-it
823 silly ADD node_modules/katex
824 silly ADD node_modules/highlight.js
825 silly ADD node_modules/@vscode/markdown-it-katex
826 silly ADD node_modules/npm2url
827 silly ADD node_modules/@gera2ld/jsx-dom
828 silly ADD node_modules/@babel/runtime
829 silly ADD node_modules/vditor
830 silly ADD node_modules/reveal.js
831 silly ADD node_modules/markmap-view
832 silly ADD node_modules/markmap-toolbar
833 silly ADD node_modules/markmap-lib
834 silly ADD node_modules/markmap-common
835 silly ADD node_modules/lucide-react
836 verbose cwd /Users/jason/.openclaw/workspace/lumos
837 verbose os Darwin 23.6.0
838 verbose node v25.5.0
839 verbose npm  v11.8.0
840 verbose exit 0
841 info ok
