0 verbose cli /opt/homebrew/Cellar/node/25.5.0/bin/node /opt/homebrew/lib/node_modules/npm/bin/npm-cli.js
1 info using npm@11.8.0
2 info using node@v25.5.0
3 silly config load:file:/opt/homebrew/lib/node_modules/npm/npmrc
4 silly config load:file:/Users/jason/.openclaw/workspace/lumos/.npmrc
5 silly config load:file:/Users/jason/.npmrc
6 silly config load:file:/opt/homebrew/etc/npmrc
7 verbose title npm exec create-next-app@latest web --yes --typescript --eslint --tailwind --app --src-dir --import-alias @/*
8 verbose argv "exec" "--" "create-next-app@latest" "web" "--yes" "--typescript" "--eslint" "--tailwind" "--app" "--src-dir" "--import-alias" "@/*"
9 verbose logfile logs-max:10 dir:/Users/jason/.openclaw/workspace/lumos/.npm-cache/_logs/2026-02-12T07_50_27_947Z-
10 verbose logfile /Users/jason/.openclaw/workspace/lumos/.npm-cache/_logs/2026-02-12T07_50_27_947Z-debug-0.log
11 silly logfile done cleaning log files
12 silly packumentCache heap:4496293888 maxSize:1124073472 maxEntrySize:562036736
13 http fetch GET 200 https://registry.npmmirror.com/npm 2316ms
14 http fetch GET 200 https://registry.npmmirror.com/create-next-app 2737ms (cache miss)
15 silly packumentCache heap:4496293888 maxSize:1124073472 maxEntrySize:562036736
16 silly packumentCache heap:4496293888 maxSize:1124073472 maxEntrySize:562036736
17 warn exec The following package was not found and will be installed: create-next-app@16.1.6
18 silly idealTree buildDeps
19 silly fetch manifest create-next-app@16.1.6
20 silly packumentCache full:https://registry.npmmirror.com/create-next-app cache-miss
21 http fetch GET 200 https://registry.npmmirror.com/create-next-app 5535ms (cache miss)
22 silly packumentCache full:https://registry.npmmirror.com/create-next-app set size:1355938 disposed:false
23 silly placeDep ROOT create-next-app@16.1.6 OK for:  want: 16.1.6
24 silly reify moves {}
25 silly audit bulk request { 'create-next-app': [ '16.1.6' ] }
26 http cache create-next-app@https://registry.npmmirror.com/create-next-app/-/create-next-app-16.1.6.tgz 0ms (cache hit)
27 silly tarball no local data for create-next-app@https://registry.npmmirror.com/create-next-app/-/create-next-app-16.1.6.tgz. Extracting by manifest.
28 http fetch POST 404 https://registry.npmmirror.com/-/npm/v1/security/advisories/bulk 273ms
29 verbose audit error HttpErrorGeneral: 404 Not Found - POST https://registry.npmmirror.com/-/npm/v1/security/advisories/bulk - [NOT_IMPLEMENTED] /-/npm/v1/security/* not implemented yet
29 verbose audit error     at /opt/homebrew/lib/node_modules/npm/node_modules/npm-registry-fetch/lib/check-response.js:103:15
29 verbose audit error     at process.processTicksAndRejections (node:internal/process/task_queues:104:5)
29 verbose audit error     at async #getReport (/opt/homebrew/lib/node_modules/npm/node_modules/@npmcli/arborist/lib/audit-report.js:275:19)
29 verbose audit error     at async AuditReport.run (/opt/homebrew/lib/node_modules/npm/node_modules/@npmcli/arborist/lib/audit-report.js:100:19) {
29 verbose audit error   headers: [Object: null prototype] {
29 verbose audit error     server: [ 'Tengine' ],
29 verbose audit error     date: [ 'Thu, 12 Feb 2026 07:50:36 GMT' ],
29 verbose audit error     'content-type': [ 'application/json' ],
29 verbose audit error     'transfer-encoding': [ 'chunked' ],
29 verbose audit error     connection: [ 'keep-alive' ],
29 verbose audit error     'strict-transport-security': [ 'max-age=5184000' ],
29 verbose audit error     via: [ 'ens-cache16.us37[,404666]' ],
29 verbose audit error     'timing-allow-origin': [ '*' ],
29 verbose audit error     eagleid: [ '9b6682a417708826368966599e' ],
29 verbose audit error     'x-fetch-attempts': [ '1' ]
29 verbose audit error   },
29 verbose audit error   statusCode: 404,
29 verbose audit error   code: 'E404',
29 verbose audit error   method: 'POST',
29 verbose audit error   uri: 'https://registry.npmmirror.com/-/npm/v1/security/advisories/bulk',
29 verbose audit error   body: {
29 verbose audit error     error: '[NOT_IMPLEMENTED] /-/npm/v1/security/* not implemented yet'
29 verbose audit error   },
29 verbose audit error   pkgid: undefined
29 verbose audit error }
30 silly audit error [object Object]
31 silly audit report null
32 http fetch GET 200 https://cdn.npmmirror.com/packages/create-next-app/16.1.6/create-next-app-16.1.6.tgz 4179ms (cache miss)
33 verbose cwd /Users/jason/.openclaw/workspace/lumos
34 verbose os Darwin 23.6.0
35 verbose node v25.5.0
36 verbose npm  v11.8.0
37 notice
37 notice New minor version of npm available! 11.8.0 -> 11.10.0
37 notice Changelog: https://github.com/npm/cli/releases/tag/v11.10.0
37 notice To update run: npm install -g npm@11.10.0
37 notice  { force: true, Symbol(proc-log.meta): true }
38 verbose exit 0
39 info ok
